
> docs@0.1.0 build
> next build

▲ Next.js 16.1.4 (Turbopack)
- Environments: .env.local, .env

  Creating an optimized production build ...

> Build error occurred
Error: Turbopack build failed with 70 errors:
./app/(public)/blogs/page.jsx:2:1
Module not found: Can't resolve '@/components/blogs/BlogCard'
[0m [90m 1 |[39m [36mimport[39m [33mBlogGrid[39m [36mfrom[39m [32m"@/components/blogs/BlogGrid"[39m[33m;[39m
[31m[1m>[22m[39m[90m 2 |[39m [36mimport[39m [33mBlogCard[39m [36mfrom[39m [32m"@/components/blogs/BlogCard"[39m[33m;[39m
 [90m   |[39m [31m[1m^[22m[39m[31m[1m^[22m[39m[31m[1m^[22m[39m[31m[1m^[22m[39m[31m[1m^[22m[39m[31m[1m^[22m[39m[31m[1m^[22m[39m[31m[1m^[22m[39m[31m[1m^[22m[39m[31m[1m^[22m[39m[31m[1m^[22m[39m[31m[1m^[22m[39m[31m[1m^[22m[39m[31m[1m^[22m[39m[31m[1m^[22m[39m[31m[1m^[22m[39m[31m[1m^[22m[39m[31m[1m^[22m[39m[31m[1m^[22m[39m[31m[1m^[22m[39m[31m[1m^[22m[39m[31m[1m^[22m[39m[31m[1m^[22m[39m[31m[1m^[22m[39m[31m[1m^[22m[39m[31m[1m^[22m[39m[31m[1m^[22m[39m[31m[1m^[22m[39m[31m[1m^[22m[39m[31m[1m^[22m[39m[31m[1m^[22m[39m[31m[1m^[22m[39m[31m[1m^[22m[39m[31m[1m^[22m[39m[31m[1m^[22m[39m[31m[1m^[22m[39m[31m[1m^[22m[39m[31m[1m^[22m[39m[31m[1m^[22m[39m[31m[1m^[22m[39m[31m[1m^[22m[39m[31m[1m^[22m[39m[31m[1m^[22m[39m[31m[1m^[22m[39m[31m[1m^[22m[39m[31m[1m^[22m[39m[31m[1m^[22m[39m[31m[1m^[22m[39m[31m[1m^[22m[39m[31m[1m^[22m[39m[31m[1m^[22m[39m
 [90m 3 |[39m [36mimport[39m { getCachedPublishedBlogs[33m,[39m getAllBlogTags } [36mfrom[39m [32m"@/lib/db/queries/blogs"[39m[33m;[39m
 [90m 4 |[39m
 [90m 5 |[39m [36mexport[39m [36mconst[39m metadata [33m=[39m {[0m



https://nextjs.org/docs/messages/module-not-found


./app/(public)/blogs/page.jsx:1:1
Module not found: Can't resolve '@/components/blogs/BlogGrid'
[0m[31m[1m>[22m[39m[90m 1 |[39m [36mimport[39m [33mBlogGrid[39m [36mfrom[39m [32m"@/components/blogs/BlogGrid"[39m[33m;[39m
 [90m   |[39m [31m[1m^[22m[39m[31m[1m^[22m[39m[31m[1m^[22m[39m[31m[1m^[22m[39m[31m[1m^[22m[39m[31m[1m^[22m[39m[31m[1m^[22m[39m[31m[1m^[22m[39m[31m[1m^[22m[39m[31m[1m^[22m[39m[31m[1m^[22m[39m[31m[1m^[22m[39m[31m[1m^[22m[39m[31m[1m^[22m[39m[31m[1m^[22m[39m[31m[1m^[22m[39m[31m[1m^[22m[39m[31m[1m^[22m[39m[31m[1m^[22m[39m[31m[1m^[22m[39m[31m[1m^[22m[39m[31m[1m^[22m[39m[31m[1m^[22m[39m[31m[1m^[22m[39m[31m[1m^[22m[39m[31m[1m^[22m[39m[31m[1m^[22m[39m[31m[1m^[22m[39m[31m[1m^[22m[39m[31m[1m^[22m[39m[31m[1m^[22m[39m[31m[1m^[22m[39m[31m[1m^[22m[39m[31m[1m^[22m[39m[31m[1m^[22m[39m[31m[1m^[22m[39m[31m[1m^[22m[39m[31m[1m^[22m[39m[31m[1m^[22m[39m[31m[1m^[22m[39m[31m[1m^[22m[39m[31m[1m^[22m[39m[31m[1m^[22m[39m[31m[1m^[22m[39m[31m[1m^[22m[39m[31m[1m^[22m[39m[31m[1m^[22m[39m[31m[1m^[22m[39m[31m[1m^[22m[39m[31m[1m^[22m[39m[31m[1m^[22m[39m
 [90m 2 |[39m [36mimport[39m [33mBlogCard[39m [36mfrom[39m [32m"@/components/blogs/BlogCard"[39m[33m;[39m
 [90m 3 |[39m [36mimport[39m { getCachedPublishedBlogs[33m,[39m getAllBlogTags } [36mfrom[39m [32m"@/lib/db/queries/blogs"[39m[33m;[39m
 [90m 4 |[39m[0m



https://nextjs.org/docs/messages/module-not-found


./app/(public)/blogs/[slug]/page.jsx:2:1
Module not found: Can't resolve '@/components/blogs/BlogReader'
[0m [90m 1 |[39m [36mimport[39m { notFound } [36mfrom[39m [32m"next/navigation"[39m[33m;[39m
[31m[1m>[22m[39m[90m 2 |[39m [36mimport[39m [33mBlogReader[39m [36mfrom[39m [32m"@/components/blogs/BlogReader"[39m[33m;[39m
 [90m   |[39m [31m[1m^[22m[39m[31m[1m^[22m[39m[31m[1m^[22m[39m[31m[1m^[22m[39m[31m[1m^[22m[39m[31m[1m^[22m[39m[31m[1m^[22m[39m[31m[1m^[22m[39m[31m[1m^[22m[39m[31m[1m^[22m[39m[31m[1m^[22m[39m[31m[1m^[22m[39m[31m[1m^[22m[39m[31m[1m^[22m[39m[31m[1m^[22m[39m[31m[1m^[22m[39m[31m[1m^[22m[39m[31m[1m^[22m[39m[31m[1m^[22m[39m[31m[1m^[22m[39m[31m[1m^[22m[39m[31m[1m^[22m[39m[31m[1m^[22m[39m[31m[1m^[22m[39m[31m[1m^[22m[39m[31m[1m^[22m[39m[31m[1m^[22m[39m[31m[1m^[22m[39m[31m[1m^[22m[39m[31m[1m^[22m[39m[31m[1m^[22m[39m[31m[1m^[22m[39m[31m[1m^[22m[39m[31m[1m^[22m[39m[31m[1m^[22m[39m[31m[1m^[22m[39m[31m[1m^[22m[39m[31m[1m^[22m[39m[31m[1m^[22m[39m[31m[1m^[22m[39m[31m[1m^[22m[39m[31m[1m^[22m[39m[31m[1m^[22m[39m[31m[1m^[22m[39m[31m[1m^[22m[39m[31m[1m^[22m[39m[31m[1m^[22m[39m[31m[1m^[22m[39m[31m[1m^[22m[39m[31m[1m^[22m[39m[31m[1m^[22m[39m[31m[1m^[22m[39m[31m[1m^[22m[39m[31m[1m^[22m[39m[31m[1m^[22m[39m
 [90m 3 |[39m [36mimport[39m { getCachedBlogBySlug[33m,[39m getBlogTags } [36mfrom[39m [32m"@/lib/db/queries/blogs"[39m[33m;[39m
 [90m 4 |[39m [36mimport[39m { getProcessedMDX } [36mfrom[39m [32m"@/lib/mdx"[39m[33m;[39m
 [90m 5 |[39m[0m



https://nextjs.org/docs/messages/module-not-found


./app/(public)/docs/layout.jsx:2:1
Module not found: Can't resolve '@/components/docs/DocSidebarWrapper'
[0m [90m 1 |[39m [36mimport[39m { getCachedAllDocs } [36mfrom[39m [32m"@/lib/db/queries/docs"[39m[33m;[39m
[31m[1m>[22m[39m[90m 2 |[39m [36mimport[39m [33mDocSidebarWrapper[39m [36mfrom[39m [32m"@/components/docs/DocSidebarWrapper"[39m[33m;[39m
 [90m   |[39m [31m[1m^[22m[39m[31m[1m^[22m[39m[31m[1m^[22m[39m[31m[1m^[22m[39m[31m[1m^[22m[39m[31m[1m^[22m[39m[31m[1m^[22m[39m[31m[1m^[22m[39m[31m[1m^[22m[39m[31m[1m^[22m[39m[31m[1m^[22m[39m[31m[1m^[22m[39m[31m[1m^[22m[39m[31m[1m^[22m[39m[31m[1m^[22m[39m[31m[1m^[22m[39m[31m[1m^[22m[39m[31m[1m^[22m[39m[31m[1m^[22m[39m[31m[1m^[22m[39m[31m[1m^[22m[39m[31m[1m^[22m[39m[31m[1m^[22m[39m[31m[1m^[22m[39m[31m[1m^[22m[39m[31m[1m^[22m[39m[31m[1m^[22m[39m[31m[1m^[22m[39m[31m[1m^[22m[39m[31m[1m^[22m[39m[31m[1m^[22m[39m[31m[1m^[22m[39m[31m[1m^[22m[39m[31m[1m^[22m[39m[31m[1m^[22m[39m[31m[1m^[22m[39m[31m[1m^[22m[39m[31m[1m^[22m[39m[31m[1m^[22m[39m[31m[1m^[22m[39m[31m[1m^[22m[39m[31m[1m^[22m[39m[31m[1m^[22m[39m[31m[1m^[22m[39m[31m[1m^[22m[39m[31m[1m^[22m[39m[31m[1m^[22m[39m[31m[1m^[22m[39m[31m[1m^[22m[39m[31m[1m^[22m[39m[31m[1m^[22m[39m[31m[1m^[22m[39m[31m[1m^[22m[39m[31m[1m^[22m[39m[31m[1m^[22m[39m[31m[1m^[22m[39m[31m[1m^[22m[39m[31m[1m^[22m[39m[31m[1m^[22m[39m[31m[1m^[22m[39m[31m[1m^[22m[39m[31m[1m^[22m[39m[31m[1m^[22m[39m[31m[1m^[22m[39m[31m[1m^[22m[39m[31m[1m^[22m[39m[31m[1m^[22m[39m[31m[1m^[22m[39m
 [90m 3 |[39m
 [90m 4 |[39m [36mexport[39m [36mdefault[39m [36masync[39m [36mfunction[39m [33mDocsLayout[39m({ children }) {
 [90m 5 |[39m   [36mconst[39m allDocs [33m=[39m [36mawait[39m getCachedAllDocs()[33m;[39m[0m



https://nextjs.org/docs/messages/module-not-found


./app/(public)/docs/[...slug]/page.jsx:4:1
Module not found: Can't resolve '@/components/docs/DocViewer'
[0m [90m 2 |[39m [36mimport[39m [33mLink[39m [36mfrom[39m [32m"next/link"[39m[33m;[39m
 [90m 3 |[39m [36mimport[39m { [33mFolder[39m[33m,[39m [33mFileText[39m } [36mfrom[39m [32m"lucide-react"[39m[33m;[39m
[31m[1m>[22m[39m[90m 4 |[39m [36mimport[39m [33mDocViewer[39m [36mfrom[39m [32m"@/components/docs/DocViewer"[39m[33m;[39m
 [90m   |[39m [31m[1m^[22m[39m[31m[1m^[22m[39m[31m[1m^[22m[39m[31m[1m^[22m[39m[31m[1m^[22m[39m[31m[1m^[22m[39m[31m[1m^[22m[39m[31m[1m^[22m[39m[31m[1m^[22m[39m[31m[1m^[22m[39m[31m[1m^[22m[39m[31m[1m^[22m[39m[31m[1m^[22m[39m[31m[1m^[22m[39m[31m[1m^[22m[39m[31m[1m^[22m[39m[31m[1m^[22m[39m[31m[1m^[22m[39m[31m[1m^[22m[39m[31m[1m^[22m[39m[31m[1m^[22m[39m[31m[1m^[22m[39m[31m[1m^[22m[39m[31m[1m^[22m[39m[31m[1m^[22m[39m[31m[1m^[22m[39m[31m[1m^[22m[39m[31m[1m^[22m[39m[31m[1m^[22m[39m[31m[1m^[22m[39m[31m[1m^[22m[39m[31m[1m^[22m[39m[31m[1m^[22m[39m[31m[1m^[22m[39m[31m[1m^[22m[39m[31m[1m^[22m[39m[31m[1m^[22m[39m[31m[1m^[22m[39m[31m[1m^[22m[39m[31m[1m^[22m[39m[31m[1m^[22m[39m[31m[1m^[22m[39m[31m[1m^[22m[39m[31m[1m^[22m[39m[31m[1m^[22m[39m[31m[1m^[22m[39m[31m[1m^[22m[39m[31m[1m^[22m[39m[31m[1m^[22m[39m[31m[1m^[22m[39m[31m[1m^[22m[39m[31m[1m^[22m[39m
 [90m 5 |[39m [36mimport[39m [33mTableOfContents[39m [36mfrom[39m [32m"@/components/docs/TableOfContents"[39m[33m;[39m
 [90m 6 |[39m [36mimport[39m { getCachedAllDocs } [36mfrom[39m [32m"@/lib/db/queries/docs"[39m[33m;[39m
 [90m 7 |[39m [36mimport[39m { getProcessedMDX } [36mfrom[39m [32m"@/lib/mdx"[39m[33m;[39m[0m



https://nextjs.org/docs/messages/module-not-found


./app/(public)/notes/[...slug]/page.jsx:3:1
Module not found: Can't resolve '@/components/docs/DocViewer'
[0m [90m 1 |[39m [36mimport[39m { notFound } [36mfrom[39m [32m"next/navigation"[39m[33m;[39m
 [90m 2 |[39m [36mimport[39m [33mNotesExplorerClient[39m [36mfrom[39m [32m"@/components/notes/NotesExplorerClient"[39m[33m;[39m
[31m[1m>[22m[39m[90m 3 |[39m [36mimport[39m [33mDocViewer[39m [36mfrom[39m [32m"@/components/docs/DocViewer"[39m[33m;[39m
 [90m   |[39m [31m[1m^[22m[39m[31m[1m^[22m[39m[31m[1m^[22m[39m[31m[1m^[22m[39m[31m[1m^[22m[39m[31m[1m^[22m[39m[31m[1m^[22m[39m[31m[1m^[22m[39m[31m[1m^[22m[39m[31m[1m^[22m[39m[31m[1m^[22m[39m[31m[1m^[22m[39m[31m[1m^[22m[39m[31m[1m^[22m[39m[31m[1m^[22m[39m[31m[1m^[22m[39m[31m[1m^[22m[39m[31m[1m^[22m[39m[31m[1m^[22m[39m[31m[1m^[22m[39m[31m[1m^[22m[39m[31m[1m^[22m[39m[31m[1m^[22m[39m[31m[1m^[22m[39m[31m[1m^[22m[39m[31m[1m^[22m[39m[31m[1m^[22m[39m[31m[1m^[22m[39m[31m[1m^[22m[39m[31m[1m^[22m[39m[31m[1m^[22m[39m[31m[1m^[22m[39m[31m[1m^[22m[39m[31m[1m^[22m[39m[31m[1m^[22m[39m[31m[1m^[22m[39m[31m[1m^[22m[39m[31m[1m^[22m[39m[31m[1m^[22m[39m[31m[1m^[22m[39m[31m[1m^[22m[39m[31m[1m^[22m[39m[31m[1m^[22m[39m[31m[1m^[22m[39m[31m[1m^[22m[39m[31m[1m^[22m[39m[31m[1m^[22m[39m[31m[1m^[22m[39m[31m[1m^[22m[39m[31m[1m^[22m[39m[31m[1m^[22m[39m[31m[1m^[22m[39m
 [90m 4 |[39m [36mimport[39m [33mTableOfContents[39m [36mfrom[39m [32m"@/components/docs/TableOfContents"[39m[33m;[39m
 [90m 5 |[39m [36mimport[39m { getCachedNotesByParentSlug } [36mfrom[39m [32m"@/lib/db/queries/notes"[39m[33m;[39m
 [90m 6 |[39m [36mimport[39m { db } [36mfrom[39m [32m"@/lib/db"[39m[33m;[39m[0m



https://nextjs.org/docs/messages/module-not-found


./app/(public)/docs/[...slug]/page.jsx:8:1
Module not found: Can't resolve '@/components/docs/DocsList'
[0m [90m  6 |[39m [36mimport[39m { getCachedAllDocs } [36mfrom[39m [32m"@/lib/db/queries/docs"[39m[33m;[39m
 [90m  7 |[39m [36mimport[39m { getProcessedMDX } [36mfrom[39m [32m"@/lib/mdx"[39m[33m;[39m
[31m[1m>[22m[39m[90m  8 |[39m [36mimport[39m [33mDocsList[39m [36mfrom[39m [32m"@/components/docs/DocsList"[39m[33m;[39m
 [90m    |[39m [31m[1m^[22m[39m[31m[1m^[22m[39m[31m[1m^[22m[39m[31m[1m^[22m[39m[31m[1m^[22m[39m[31m[1m^[22m[39m[31m[1m^[22m[39m[31m[1m^[22m[39m[31m[1m^[22m[39m[31m[1m^[22m[39m[31m[1m^[22m[39m[31m[1m^[22m[39m[31m[1m^[22m[39m[31m[1m^[22m[39m[31m[1m^[22m[39m[31m[1m^[22m[39m[31m[1m^[22m[39m[31m[1m^[22m[39m[31m[1m^[22m[39m[31m[1m^[22m[39m[31m[1m^[22m[39m[31m[1m^[22m[39m[31m[1m^[22m[39m[31m[1m^[22m[39m[31m[1m^[22m[39m[31m[1m^[22m[39m[31m[1m^[22m[39m[31m[1m^[22m[39m[31m[1m^[22m[39m[31m[1m^[22m[39m[31m[1m^[22m[39m[31m[1m^[22m[39m[31m[1m^[22m[39m[31m[1m^[22m[39m[31m[1m^[22m[39m[31m[1m^[22m[39m[31m[1m^[22m[39m[31m[1m^[22m[39m[31m[1m^[22m[39m[31m[1m^[22m[39m[31m[1m^[22m[39m[31m[1m^[22m[39m[31m[1m^[22m[39m[31m[1m^[22m[39m[31m[1m^[22m[39m[31m[1m^[22m[39m[31m[1m^[22m[39m[31m[1m^[22m[39m[31m[1m^[22m[39m[31m[1m^[22m[39m
 [90m  9 |[39m [36mimport[39m [33mShareButtons[39m [36mfrom[39m [32m"@/components/shared/ShareButtons"[39m[33m;[39m
 [90m 10 |[39m
 [90m 11 |[39m [90m// Resolve node by exact path in memory[39m[0m



https://nextjs.org/docs/messages/module-not-found


./app/(public)/docs/page.jsx:2:1
Module not found: Can't resolve '@/components/docs/DocsList'
[0m [90m 1 |[39m [36mimport[39m { getCachedAllDocs } [36mfrom[39m [32m"@/lib/db/queries/docs"[39m[33m;[39m
[31m[1m>[22m[39m[90m 2 |[39m [36mimport[39m [33mDocsList[39m [36mfrom[39m [32m"@/components/docs/DocsList"[39m[33m;[39m
 [90m   |[39m [31m[1m^[22m[39m[31m[1m^[22m[39m[31m[1m^[22m[39m[31m[1m^[22m[39m[31m[1m^[22m[39m[31m[1m^[22m[39m[31m[1m^[22m[39m[31m[1m^[22m[39m[31m[1m^[22m[39m[31m[1m^[22m[39m[31m[1m^[22m[39m[31m[1m^[22m[39m[31m[1m^[22m[39m[31m[1m^[22m[39m[31m[1m^[22m[39m[31m[1m^[22m[39m[31m[1m^[22m[39m[31m[1m^[22m[39m[31m[1m^[22m[39m[31m[1m^[22m[39m[31m[1m^[22m[39m[31m[1m^[22m[39m[31m[1m^[22m[39m[31m[1m^[22m[39m[31m[1m^[22m[39m[31m[1m^[22m[39m[31m[1m^[22m[39m[31m[1m^[22m[39m[31m[1m^[22m[39m[31m[1m^[22m[39m[31m[1m^[22m[39m[31m[1m^[22m[39m[31m[1m^[22m[39m[31m[1m^[22m[39m[31m[1m^[22m[39m[31m[1m^[22m[39m[31m[1m^[22m[39m[31m[1m^[22m[39m[31m[1m^[22m[39m[31m[1m^[22m[39m[31m[1m^[22m[39m[31m[1m^[22m[39m[31m[1m^[22m[39m[31m[1m^[22m[39m[31m[1m^[22m[39m[31m[1m^[22m[39m[31m[1m^[22m[39m[31m[1m^[22m[39m[31m[1m^[22m[39m[31m[1m^[22m[39m
 [90m 3 |[39m
 [90m 4 |[39m [36mexport[39m [36mconst[39m metadata [33m=[39m {
 [90m 5 |[39m   title[33m:[39m [32m"Documentation"[39m[33m,[39m[0m



https://nextjs.org/docs/messages/module-not-found


./app/(public)/docs/[...slug]/page.jsx:5:1
Module not found: Can't resolve '@/components/docs/TableOfContents'
[0m [90m 3 |[39m [36mimport[39m { [33mFolder[39m[33m,[39m [33mFileText[39m } [36mfrom[39m [32m"lucide-react"[39m[33m;[39m
 [90m 4 |[39m [36mimport[39m [33mDocViewer[39m [36mfrom[39m [32m"@/components/docs/DocViewer"[39m[33m;[39m
[31m[1m>[22m[39m[90m 5 |[39m [36mimport[39m [33mTableOfContents[39m [36mfrom[39m [32m"@/components/docs/TableOfContents"[39m[33m;[39m
 [90m   |[39m [31m[1m^[22m[39m[31m[1m^[22m[39m[31m[1m^[22m[39m[31m[1m^[22m[39m[31m[1m^[22m[39m[31m[1m^[22m[39m[31m[1m^[22m[39m[31m[1m^[22m[39m[31m[1m^[22m[39m[31m[1m^[22m[39m[31m[1m^[22m[39m[31m[1m^[22m[39m[31m[1m^[22m[39m[31m[1m^[22m[39m[31m[1m^[22m[39m[31m[1m^[22m[39m[31m[1m^[22m[39m[31m[1m^[22m[39m[31m[1m^[22m[39m[31m[1m^[22m[39m[31m[1m^[22m[39m[31m[1m^[22m[39m[31m[1m^[22m[39m[31m[1m^[22m[39m[31m[1m^[22m[39m[31m[1m^[22m[39m[31m[1m^[22m[39m[31m[1m^[22m[39m[31m[1m^[22m[39m[31m[1m^[22m[39m[31m[1m^[22m[39m[31m[1m^[22m[39m[31m[1m^[22m[39m[31m[1m^[22m[39m[31m[1m^[22m[39m[31m[1m^[22m[39m[31m[1m^[22m[39m[31m[1m^[22m[39m[31m[1m^[22m[39m[31m[1m^[22m[39m[31m[1m^[22m[39m[31m[1m^[22m[39m[31m[1m^[22m[39m[31m[1m^[22m[39m[31m[1m^[22m[39m[31m[1m^[22m[39m[31m[1m^[22m[39m[31m[1m^[22m[39m[31m[1m^[22m[39m[31m[1m^[22m[39m[31m[1m^[22m[39m[31m[1m^[22m[39m[31m[1m^[22m[39m[31m[1m^[22m[39m[31m[1m^[22m[39m[31m[1m^[22m[39m[31m[1m^[22m[39m[31m[1m^[22m[39m[31m[1m^[22m[39m[31m[1m^[22m[39m[31m[1m^[22m[39m[31m[1m^[22m[39m[31m[1m^[22m[39m[31m[1m^[22m[39m
 [90m 6 |[39m [36mimport[39m { getCachedAllDocs } [36mfrom[39m [32m"@/lib/db/queries/docs"[39m[33m;[39m
 [90m 7 |[39m [36mimport[39m { getProcessedMDX } [36mfrom[39m [32m"@/lib/mdx"[39m[33m;[39m
 [90m 8 |[39m [36mimport[39m [33mDocsList[39m [36mfrom[39m [32m"@/components/docs/DocsList"[39m[33m;[39m[0m



https://nextjs.org/docs/messages/module-not-found


./app/(public)/notes/[...slug]/page.jsx:4:1
Module not found: Can't resolve '@/components/docs/TableOfContents'
[0m [90m 2 |[39m [36mimport[39m [33mNotesExplorerClient[39m [36mfrom[39m [32m"@/components/notes/NotesExplorerClient"[39m[33m;[39m
 [90m 3 |[39m [36mimport[39m [33mDocViewer[39m [36mfrom[39m [32m"@/components/docs/DocViewer"[39m[33m;[39m
[31m[1m>[22m[39m[90m 4 |[39m [36mimport[39m [33mTableOfContents[39m [36mfrom[39m [32m"@/components/docs/TableOfContents"[39m[33m;[39m
 [90m   |[39m [31m[1m^[22m[39m[31m[1m^[22m[39m[31m[1m^[22m[39m[31m[1m^[22m[39m[31m[1m^[22m[39m[31m[1m^[22m[39m[31m[1m^[22m[39m[31m[1m^[22m[39m[31m[1m^[22m[39m[31m[1m^[22m[39m[31m[1m^[22m[39m[31m[1m^[22m[39m[31m[1m^[22m[39m[31m[1m^[22m[39m[31m[1m^[22m[39m[31m[1m^[22m[39m[31m[1m^[22m[39m[31m[1m^[22m[39m[31m[1m^[22m[39m[31m[1m^[22m[39m[31m[1m^[22m[39m[31m[1m^[22m[39m[31m[1m^[22m[39m[31m[1m^[22m[39m[31m[1m^[22m[39m[31m[1m^[22m[39m[31m[1m^[22m[39m[31m[1m^[22m[39m[31m[1m^[22m[39m[31m[1m^[22m[39m[31m[1m^[22m[39m[31m[1m^[22m[39m[31m[1m^[22m[39m[31m[1m^[22m[39m[31m[1m^[22m[39m[31m[1m^[22m[39m[31m[1m^[22m[39m[31m[1m^[22m[39m[31m[1m^[22m[39m[31m[1m^[22m[39m[31m[1m^[22m[39m[31m[1m^[22m[39m[31m[1m^[22m[39m[31m[1m^[22m[39m[31m[1m^[22m[39m[31m[1m^[22m[39m[31m[1m^[22m[39m[31m[1m^[22m[39m[31m[1m^[22m[39m[31m[1m^[22m[39m[31m[1m^[22m[39m[31m[1m^[22m[39m[31m[1m^[22m[39m[31m[1m^[22m[39m[31m[1m^[22m[39m[31m[1m^[22m[39m[31m[1m^[22m[39m[31m[1m^[22m[39m[31m[1m^[22m[39m[31m[1m^[22m[39m[31m[1m^[22m[39m[31m[1m^[22m[39m[31m[1m^[22m[39m[31m[1m^[22m[39m
 [90m 5 |[39m [36mimport[39m { getCachedNotesByParentSlug } [36mfrom[39m [32m"@/lib/db/queries/notes"[39m[33m;[39m
 [90m 6 |[39m [36mimport[39m { db } [36mfrom[39m [32m"@/lib/db"[39m[33m;[39m
 [90m 7 |[39m [36mimport[39m { notes } [36mfrom[39m [32m"@/lib/db/schema"[39m[33m;[39m[0m



https://nextjs.org/docs/messages/module-not-found


./app/(public)/page.jsx:1:1
Module not found: Can't resolve '@/components/home/HeroSection'
[0m[31m[1m>[22m[39m[90m 1 |[39m [36mimport[39m [33mHeroSection[39m [36mfrom[39m [32m"@/components/home/HeroSection"[39m[33m;[39m
 [90m   |[39m [31m[1m^[22m[39m[31m[1m^[22m[39m[31m[1m^[22m[39m[31m[1m^[22m[39m[31m[1m^[22m[39m[31m[1m^[22m[39m[31m[1m^[22m[39m[31m[1m^[22m[39m[31m[1m^[22m[39m[31m[1m^[22m[39m[31m[1m^[22m[39m[31m[1m^[22m[39m[31m[1m^[22m[39m[31m[1m^[22m[39m[31m[1m^[22m[39m[31m[1m^[22m[39m[31m[1m^[22m[39m[31m[1m^[22m[39m[31m[1m^[22m[39m[31m[1m^[22m[39m[31m[1m^[22m[39m[31m[1m^[22m[39m[31m[1m^[22m[39m[31m[1m^[22m[39m[31m[1m^[22m[39m[31m[1m^[22m[39m[31m[1m^[22m[39m[31m[1m^[22m[39m[31m[1m^[22m[39m[31m[1m^[22m[39m[31m[1m^[22m[39m[31m[1m^[22m[39m[31m[1m^[22m[39m[31m[1m^[22m[39m[31m[1m^[22m[39m[31m[1m^[22m[39m[31m[1m^[22m[39m[31m[1m^[22m[39m[31m[1m^[22m[39m[31m[1m^[22m[39m[31m[1m^[22m[39m[31m[1m^[22m[39m[31m[1m^[22m[39m[31m[1m^[22m[39m[31m[1m^[22m[39m[31m[1m^[22m[39m[31m[1m^[22m[39m[31m[1m^[22m[39m[31m[1m^[22m[39m[31m[1m^[22m[39m[31m[1m^[22m[39m[31m[1m^[22m[39m[31m[1m^[22m[39m[31m[1m^[22m[39m[31m[1m^[22m[39m[31m[1m^[22m[39m
 [90m 2 |[39m [36mimport[39m [33mRecentDocs[39m [36mfrom[39m [32m"@/components/home/RecentDocs"[39m[33m;[39m
 [90m 3 |[39m [36mimport[39m [33mRecentBlogs[39m [36mfrom[39m [32m"@/components/home/RecentBlogs"[39m[33m;[39m
 [90m 4 |[39m [36mimport[39m [33mScrollGateController[39m [36mfrom[39m [32m"@/components/home/ScrollGateController"[39m[33m;[39m[0m



https://nextjs.org/docs/messages/module-not-found


./app/(public)/page.jsx:3:1
Module not found: Can't resolve '@/components/home/RecentBlogs'
[0m [90m 1 |[39m [36mimport[39m [33mHeroSection[39m [36mfrom[39m [32m"@/components/home/HeroSection"[39m[33m;[39m
 [90m 2 |[39m [36mimport[39m [33mRecentDocs[39m [36mfrom[39m [32m"@/components/home/RecentDocs"[39m[33m;[39m
[31m[1m>[22m[39m[90m 3 |[39m [36mimport[39m [33mRecentBlogs[39m [36mfrom[39m [32m"@/components/home/RecentBlogs"[39m[33m;[39m
 [90m   |[39m [31m[1m^[22m[39m[31m[1m^[22m[39m[31m[1m^[22m[39m[31m[1m^[22m[39m[31m[1m^[22m[39m[31m[1m^[22m[39m[31m[1m^[22m[39m[31m[1m^[22m[39m[31m[1m^[22m[39m[31m[1m^[22m[39m[31m[1m^[22m[39m[31m[1m^[22m[39m[31m[1m^[22m[39m[31m[1m^[22m[39m[31m[1m^[22m[39m[31m[1m^[22m[39m[31m[1m^[22m[39m[31m[1m^[22m[39m[31m[1m^[22m[39m[31m[1m^[22m[39m[31m[1m^[22m[39m[31m[1m^[22m[39m[31m[1m^[22m[39m[31m[1m^[22m[39m[31m[1m^[22m[39m[31m[1m^[22m[39m[31m[1m^[22m[39m[31m[1m^[22m[39m[31m[1m^[22m[39m[31m[1m^[22m[39m[31m[1m^[22m[39m[31m[1m^[22m[39m[31m[1m^[22m[39m[31m[1m^[22m[39m[31m[1m^[22m[39m[31m[1m^[22m[39m[31m[1m^[22m[39m[31m[1m^[22m[39m[31m[1m^[22m[39m[31m[1m^[22m[39m[31m[1m^[22m[39m[31m[1m^[22m[39m[31m[1m^[22m[39m[31m[1m^[22m[39m[31m[1m^[22m[39m[31m[1m^[22m[39m[31m[1m^[22m[39m[31m[1m^[22m[39m[31m[1m^[22m[39m[31m[1m^[22m[39m[31m[1m^[22m[39m[31m[1m^[22m[39m[31m[1m^[22m[39m[31m[1m^[22m[39m[31m[1m^[22m[39m[31m[1m^[22m[39m
 [90m 4 |[39m [36mimport[39m [33mScrollGateController[39m [36mfrom[39m [32m"@/components/home/ScrollGateController"[39m[33m;[39m
 [90m 5 |[39m
 [90m 6 |[39m [36mexport[39m [36mconst[39m metadata [33m=[39m {[0m



https://nextjs.org/docs/messages/module-not-found


./app/(public)/page.jsx:2:1
Module not found: Can't resolve '@/components/home/RecentDocs'
[0m [90m 1 |[39m [36mimport[39m [33mHeroSection[39m [36mfrom[39m [32m"@/components/home/HeroSection"[39m[33m;[39m
[31m[1m>[22m[39m[90m 2 |[39m [36mimport[39m [33mRecentDocs[39m [36mfrom[39m [32m"@/components/home/RecentDocs"[39m[33m;[39m
 [90m   |[39m [31m[1m^[22m[39m[31m[1m^[22m[39m[31m[1m^[22m[39m[31m[1m^[22m[39m[31m[1m^[22m[39m[31m[1m^[22m[39m[31m[1m^[22m[39m[31m[1m^[22m[39m[31m[1m^[22m[39m[31m[1m^[22m[39m[31m[1m^[22m[39m[31m[1m^[22m[39m[31m[1m^[22m[39m[31m[1m^[22m[39m[31m[1m^[22m[39m[31m[1m^[22m[39m[31m[1m^[22m[39m[31m[1m^[22m[39m[31m[1m^[22m[39m[31m[1m^[22m[39m[31m[1m^[22m[39m[31m[1m^[22m[39m[31m[1m^[22m[39m[31m[1m^[22m[39m[31m[1m^[22m[39m[31m[1m^[22m[39m[31m[1m^[22m[39m[31m[1m^[22m[39m[31m[1m^[22m[39m[31m[1m^[22m[39m[31m[1m^[22m[39m[31m[1m^[22m[39m[31m[1m^[22m[39m[31m[1m^[22m[39m[31m[1m^[22m[39m[31m[1m^[22m[39m[31m[1m^[22m[39m[31m[1m^[22m[39m[31m[1m^[22m[39m[31m[1m^[22m[39m[31m[1m^[22m[39m[31m[1m^[22m[39m[31m[1m^[22m[39m[31m[1m^[22m[39m[31m[1m^[22m[39m[31m[1m^[22m[39m[31m[1m^[22m[39m[31m[1m^[22m[39m[31m[1m^[22m[39m[31m[1m^[22m[39m[31m[1m^[22m[39m[31m[1m^[22m[39m[31m[1m^[22m[39m[31m[1m^[22m[39m
 [90m 3 |[39m [36mimport[39m [33mRecentBlogs[39m [36mfrom[39m [32m"@/components/home/RecentBlogs"[39m[33m;[39m
 [90m 4 |[39m [36mimport[39m [33mScrollGateController[39m [36mfrom[39m [32m"@/components/home/ScrollGateController"[39m[33m;[39m
 [90m 5 |[39m[0m



https://nextjs.org/docs/messages/module-not-found


./app/(public)/page.jsx:4:1
Module not found: Can't resolve '@/components/home/ScrollGateController'
[0m [90m 2 |[39m [36mimport[39m [33mRecentDocs[39m [36mfrom[39m [32m"@/components/home/RecentDocs"[39m[33m;[39m
 [90m 3 |[39m [36mimport[39m [33mRecentBlogs[39m [36mfrom[39m [32m"@/components/home/RecentBlogs"[39m[33m;[39m
[31m[1m>[22m[39m[90m 4 |[39m [36mimport[39m [33mScrollGateController[39m [36mfrom[39m [32m"@/components/home/ScrollGateController"[39m[33m;[39m
 [90m   |[39m [31m[1m^[22m[39m[31m[1m^[22m[39m[31m[1m^[22m[39m[31m[1m^[22m[39m[31m[1m^[22m[39m[31m[1m^[22m[39m[31m[1m^[22m[39m[31m[1m^[22m[39m[31m[1m^[22m[39m[31m[1m^[22m[39m[31m[1m^[22m[39m[31m[1m^[22m[39m[31m[1m^[22m[39m[31m[1m^[22m[39m[31m[1m^[22m[39m[31m[1m^[22m[39m[31m[1m^[22m[39m[31m[1m^[22m[39m[31m[1m^[22m[39m[31m[1m^[22m[39m[31m[1m^[22m[39m[31m[1m^[22m[39m[31m[1m^[22m[39m[31m[1m^[22m[39m[31m[1m^[22m[39m[31m[1m^[22m[39m[31m[1m^[22m[39m[31m[1m^[22m[39m[31m[1m^[22m[39m[31m[1m^[22m[39m[31m[1m^[22m[39m[31m[1m^[22m[39m[31m[1m^[22m[39m[31m[1m^[22m[39m[31m[1m^[22m[39m[31m[1m^[22m[39m[31m[1m^[22m[39m[31m[1m^[22m[39m[31m[1m^[22m[39m[31m[1m^[22m[39m[31m[1m^[22m[39m[31m[1m^[22m[39m[31m[1m^[22m[39m[31m[1m^[22m[39m[31m[1m^[22m[39m[31m[1m^[22m[39m[31m[1m^[22m[39m[31m[1m^[22m[39m[31m[1m^[22m[39m[31m[1m^[22m[39m[31m[1m^[22m[39m[31m[1m^[22m[39m[31m[1m^[22m[39m[31m[1m^[22m[39m[31m[1m^[22m[39m[31m[1m^[22m[39m[31m[1m^[22m[39m[31m[1m^[22m[39m[31m[1m^[22m[39m[31m[1m^[22m[39m[31m[1m^[22m[39m[31m[1m^[22m[39m[31m[1m^[22m[39m[31m[1m^[22m[39m[31m[1m^[22m[39m[31m[1m^[22m[39m[31m[1m^[22m[39m[31m[1m^[22m[39m[31m[1m^[22m[39m[31m[1m^[22m[39m[31m[1m^[22m[39m[31m[1m^[22m[39m[31m[1m^[22m[39m[31m[1m^[22m[39m
 [90m 5 |[39m
 [90m 6 |[39m [36mexport[39m [36mconst[39m metadata [33m=[39m {
 [90m 7 |[39m   title[33m:[39m [32m"BharatDocs - Learning Hub"[39m[33m,[39m[0m



https://nextjs.org/docs/messages/module-not-found


./app/ClientRoot.jsx:7:1
Module not found: Can't resolve '@/components/layout/Footer'
[0m [90m  5 |[39m [36mimport[39m [33mQueryProvider[39m [36mfrom[39m [32m"@/components/providers/QueryProvider"[39m[33m;[39m
 [90m  6 |[39m [36mimport[39m [33mNavbar[39m [36mfrom[39m [32m"@/components/layout/Navbar"[39m[33m;[39m
[31m[1m>[22m[39m[90m  7 |[39m [36mimport[39m [33mFooter[39m [36mfrom[39m [32m"@/components/layout/Footer"[39m[33m;[39m
 [90m    |[39m [31m[1m^[22m[39m[31m[1m^[22m[39m[31m[1m^[22m[39m[31m[1m^[22m[39m[31m[1m^[22m[39m[31m[1m^[22m[39m[31m[1m^[22m[39m[31m[1m^[22m[39m[31m[1m^[22m[39m[31m[1m^[22m[39m[31m[1m^[22m[39m[31m[1m^[22m[39m[31m[1m^[22m[39m[31m[1m^[22m[39m[31m[1m^[22m[39m[31m[1m^[22m[39m[31m[1m^[22m[39m[31m[1m^[22m[39m[31m[1m^[22m[39m[31m[1m^[22m[39m[31m[1m^[22m[39m[31m[1m^[22m[39m[31m[1m^[22m[39m[31m[1m^[22m[39m[31m[1m^[22m[39m[31m[1m^[22m[39m[31m[1m^[22m[39m[31m[1m^[22m[39m[31m[1m^[22m[39m[31m[1m^[22m[39m[31m[1m^[22m[39m[31m[1m^[22m[39m[31m[1m^[22m[39m[31m[1m^[22m[39m[31m[1m^[22m[39m[31m[1m^[22m[39m[31m[1m^[22m[39m[31m[1m^[22m[39m[31m[1m^[22m[39m[31m[1m^[22m[39m[31m[1m^[22m[39m[31m[1m^[22m[39m[31m[1m^[22m[39m[31m[1m^[22m[39m[31m[1m^[22m[39m[31m[1m^[22m[39m[31m[1m^[22m[39m[31m[1m^[22m[39m
 [90m  8 |[39m [36mimport[39m [33mBackgroundEffects[39m [36mfrom[39m [32m"@/components/shared/BackgroundEffects"[39m[33m;[39m
 [90m  9 |[39m
 [90m 10 |[39m [36mexport[39m [36mdefault[39m [36mfunction[39m [33mClientRoot[39m({ children }) {[0m



Import trace:
  Server Component:
    ./app/ClientRoot.jsx
    ./app/layout.js

https://nextjs.org/docs/messages/module-not-found


./app/ClientRoot.jsx:6:1
Module not found: Can't resolve '@/components/layout/Navbar'
[0m [90m 4 |[39m [36mimport[39m { [33mThemeProvider[39m } [36mfrom[39m [32m"@/components/providers/ThemeProvider"[39m[33m;[39m
 [90m 5 |[39m [36mimport[39m [33mQueryProvider[39m [36mfrom[39m [32m"@/components/providers/QueryProvider"[39m[33m;[39m
[31m[1m>[22m[39m[90m 6 |[39m [36mimport[39m [33mNavbar[39m [36mfrom[39m [32m"@/components/layout/Navbar"[39m[33m;[39m
 [90m   |[39m [31m[1m^[22m[39m[31m[1m^[22m[39m[31m[1m^[22m[39m[31m[1m^[22m[39m[31m[1m^[22m[39m[31m[1m^[22m[39m[31m[1m^[22m[39m[31m[1m^[22m[39m[31m[1m^[22m[39m[31m[1m^[22m[39m[31m[1m^[22m[39m[31m[1m^[22m[39m[31m[1m^[22m[39m[31m[1m^[22m[39m[31m[1m^[22m[39m[31m[1m^[22m[39m[31m[1m^[22m[39m[31m[1m^[22m[39m[31m[1m^[22m[39m[31m[1m^[22m[39m[31m[1m^[22m[39m[31m[1m^[22m[39m[31m[1m^[22m[39m[31m[1m^[22m[39m[31m[1m^[22m[39m[31m[1m^[22m[39m[31m[1m^[22m[39m[31m[1m^[22m[39m[31m[1m^[22m[39m[31m[1m^[22m[39m[31m[1m^[22m[39m[31m[1m^[22m[39m[31m[1m^[22m[39m[31m[1m^[22m[39m[31m[1m^[22m[39m[31m[1m^[22m[39m[31m[1m^[22m[39m[31m[1m^[22m[39m[31m[1m^[22m[39m[31m[1m^[22m[39m[31m[1m^[22m[39m[31m[1m^[22m[39m[31m[1m^[22m[39m[31m[1m^[22m[39m[31m[1m^[22m[39m[31m[1m^[22m[39m[31m[1m^[22m[39m[31m[1m^[22m[39m
 [90m 7 |[39m [36mimport[39m [33mFooter[39m [36mfrom[39m [32m"@/components/layout/Footer"[39m[33m;[39m
 [90m 8 |[39m [36mimport[39m [33mBackgroundEffects[39m [36mfrom[39m [32m"@/components/shared/BackgroundEffects"[39m[33m;[39m
 [90m 9 |[39m[0m



Import trace:
  Server Component:
    ./app/ClientRoot.jsx
    ./app/layout.js

https://nextjs.org/docs/messages/module-not-found


./app/(public)/notes/[...slug]/page.jsx:2:1
Module not found: Can't resolve '@/components/notes/NotesExplorerClient'
[0m [90m 1 |[39m [36mimport[39m { notFound } [36mfrom[39m [32m"next/navigation"[39m[33m;[39m
[31m[1m>[22m[39m[90m 2 |[39m [36mimport[39m [33mNotesExplorerClient[39m [36mfrom[39m [32m"@/components/notes/NotesExplorerClient"[39m[33m;[39m
 [90m   |[39m [31m[1m^[22m[39m[31m[1m^[22m[39m[31m[1m^[22m[39m[31m[1m^[22m[39m[31m[1m^[22m[39m[31m[1m^[22m[39m[31m[1m^[22m[39m[31m[1m^[22m[39m[31m[1m^[22m[39m[31m[1m^[22m[39m[31m[1m^[22m[39m[31m[1m^[22m[39m[31m[1m^[22m[39m[31m[1m^[22m[39m[31m[1m^[22m[39m[31m[1m^[22m[39m[31m[1m^[22m[39m[31m[1m^[22m[39m[31m[1m^[22m[39m[31m[1m^[22m[39m[31m[1m^[22m[39m[31m[1m^[22m[39m[31m[1m^[22m[39m[31m[1m^[22m[39m[31m[1m^[22m[39m[31m[1m^[22m[39m[31m[1m^[22m[39m[31m[1m^[22m[39m[31m[1m^[22m[39m[31m[1m^[22m[39m[31m[1m^[22m[39m[31m[1m^[22m[39m[31m[1m^[22m[39m[31m[1m^[22m[39m[31m[1m^[22m[39m[31m[1m^[22m[39m[31m[1m^[22m[39m[31m[1m^[22m[39m[31m[1m^[22m[39m[31m[1m^[22m[39m[31m[1m^[22m[39m[31m[1m^[22m[39m[31m[1m^[22m[39m[31m[1m^[22m[39m[31m[1m^[22m[39m[31m[1m^[22m[39m[31m[1m^[22m[39m[31m[1m^[22m[39m[31m[1m^[22m[39m[31m[1m^[22m[39m[31m[1m^[22m[39m[31m[1m^[22m[39m[31m[1m^[22m[39m[31m[1m^[22m[39m[31m[1m^[22m[39m[31m[1m^[22m[39m[31m[1m^[22m[39m[31m[1m^[22m[39m[31m[1m^[22m[39m[31m[1m^[22m[39m[31m[1m^[22m[39m[31m[1m^[22m[39m[31m[1m^[22m[39m[31m[1m^[22m[39m[31m[1m^[22m[39m[31m[1m^[22m[39m[31m[1m^[22m[39m[31m[1m^[22m[39m[31m[1m^[22m[39m[31m[1m^[22m[39m[31m[1m^[22m[39m[31m[1m^[22m[39m[31m[1m^[22m[39m
 [90m 3 |[39m [36mimport[39m [33mDocViewer[39m [36mfrom[39m [32m"@/components/docs/DocViewer"[39m[33m;[39m
 [90m 4 |[39m [36mimport[39m [33mTableOfContents[39m [36mfrom[39m [32m"@/components/docs/TableOfContents"[39m[33m;[39m
 [90m 5 |[39m [36mimport[39m { getCachedNotesByParentSlug } [36mfrom[39m [32m"@/lib/db/queries/notes"[39m[33m;[39m[0m



https://nextjs.org/docs/messages/module-not-found


./app/(public)/notes/page.jsx:1:1
Module not found: Can't resolve '@/components/notes/NotesExplorerClient'
[0m[31m[1m>[22m[39m[90m 1 |[39m [36mimport[39m [33mNotesExplorerClient[39m [36mfrom[39m [32m"@/components/notes/NotesExplorerClient"[39m[33m;[39m
 [90m   |[39m [31m[1m^[22m[39m[31m[1m^[22m[39m[31m[1m^[22m[39m[31m[1m^[22m[39m[31m[1m^[22m[39m[31m[1m^[22m[39m[31m[1m^[22m[39m[31m[1m^[22m[39m[31m[1m^[22m[39m[31m[1m^[22m[39m[31m[1m^[22m[39m[31m[1m^[22m[39m[31m[1m^[22m[39m[31m[1m^[22m[39m[31m[1m^[22m[39m[31m[1m^[22m[39m[31m[1m^[22m[39m[31m[1m^[22m[39m[31m[1m^[22m[39m[31m[1m^[22m[39m[31m[1m^[22m[39m[31m[1m^[22m[39m[31m[1m^[22m[39m[31m[1m^[22m[39m[31m[1m^[22m[39m[31m[1m^[22m[39m[31m[1m^[22m[39m[31m[1m^[22m[39m[31m[1m^[22m[39m[31m[1m^[22m[39m[31m[1m^[22m[39m[31m[1m^[22m[39m[31m[1m^[22m[39m[31m[1m^[22m[39m[31m[1m^[22m[39m[31m[1m^[22m[39m[31m[1m^[22m[39m[31m[1m^[22m[39m[31m[1m^[22m[39m[31m[1m^[22m[39m[31m[1m^[22m[39m[31m[1m^[22m[39m[31m[1m^[22m[39m[31m[1m^[22m[39m[31m[1m^[22m[39m[31m[1m^[22m[39m[31m[1m^[22m[39m[31m[1m^[22m[39m[31m[1m^[22m[39m[31m[1m^[22m[39m[31m[1m^[22m[39m[31m[1m^[22m[39m[31m[1m^[22m[39m[31m[1m^[22m[39m[31m[1m^[22m[39m[31m[1m^[22m[39m[31m[1m^[22m[39m[31m[1m^[22m[39m[31m[1m^[22m[39m[31m[1m^[22m[39m[31m[1m^[22m[39m[31m[1m^[22m[39m[31m[1m^[22m[39m[31m[1m^[22m[39m[31m[1m^[22m[39m[31m[1m^[22m[39m[31m[1m^[22m[39m[31m[1m^[22m[39m[31m[1m^[22m[39m[31m[1m^[22m[39m[31m[1m^[22m[39m[31m[1m^[22m[39m[31m[1m^[22m[39m
 [90m 2 |[39m [36mimport[39m { getCachedNotesByParentSlug } [36mfrom[39m [32m"@/lib/db/queries/notes"[39m[33m;[39m
 [90m 3 |[39m
 [90m 4 |[39m [36mexport[39m [36mconst[39m metadata [33m=[39m {[0m



https://nextjs.org/docs/messages/module-not-found


./app/ClientRoot.jsx:5:1
Module not found: Can't resolve '@/components/providers/QueryProvider'
[0m [90m 3 |[39m [36mimport[39m { usePathname } [36mfrom[39m [32m"next/navigation"[39m[33m;[39m
 [90m 4 |[39m [36mimport[39m { [33mThemeProvider[39m } [36mfrom[39m [32m"@/components/providers/ThemeProvider"[39m[33m;[39m
[31m[1m>[22m[39m[90m 5 |[39m [36mimport[39m [33mQueryProvider[39m [36mfrom[39m [32m"@/components/providers/QueryProvider"[39m[33m;[39m
 [90m   |[39m [31m[1m^[22m[39m[31m[1m^[22m[39m[31m[1m^[22m[39m[31m[1m^[22m[39m[31m[1m^[22m[39m[31m[1m^[22m[39m[31m[1m^[22m[39m[31m[1m^[22m[39m[31m[1m^[22m[39m[31m[1m^[22m[39m[31m[1m^[22m[39m[31m[1m^[22m[39m[31m[1m^[22m[39m[31m[1m^[22m[39m[31m[1m^[22m[39m[31m[1m^[22m[39m[31m[1m^[22m[39m[31m[1m^[22m[39m[31m[1m^[22m[39m[31m[1m^[22m[39m[31m[1m^[22m[39m[31m[1m^[22m[39m[31m[1m^[22m[39m[31m[1m^[22m[39m[31m[1m^[22m[39m[31m[1m^[22m[39m[31m[1m^[22m[39m[31m[1m^[22m[39m[31m[1m^[22m[39m[31m[1m^[22m[39m[31m[1m^[22m[39m[31m[1m^[22m[39m[31m[1m^[22m[39m[31m[1m^[22m[39m[31m[1m^[22m[39m[31m[1m^[22m[39m[31m[1m^[22m[39m[31m[1m^[22m[39m[31m[1m^[22m[39m[31m[1m^[22m[39m[31m[1m^[22m[39m[31m[1m^[22m[39m[31m[1m^[22m[39m[31m[1m^[22m[39m[31m[1m^[22m[39m[31m[1m^[22m[39m[31m[1m^[22m[39m[31m[1m^[22m[39m[31m[1m^[22m[39m[31m[1m^[22m[39m[31m[1m^[22m[39m[31m[1m^[22m[39m[31m[1m^[22m[39m[31m[1m^[22m[39m[31m[1m^[22m[39m[31m[1m^[22m[39m[31m[1m^[22m[39m[31m[1m^[22m[39m[31m[1m^[22m[39m[31m[1m^[22m[39m[31m[1m^[22m[39m[31m[1m^[22m[39m[31m[1m^[22m[39m[31m[1m^[22m[39m[31m[1m^[22m[39m
 [90m 6 |[39m [36mimport[39m [33mNavbar[39m [36mfrom[39m [32m"@/components/layout/Navbar"[39m[33m;[39m
 [90m 7 |[39m [36mimport[39m [33mFooter[39m [36mfrom[39m [32m"@/components/layout/Footer"[39m[33m;[39m
 [90m 8 |[39m [36mimport[39m [33mBackgroundEffects[39m [36mfrom[39m [32m"@/components/shared/BackgroundEffects"[39m[33m;[39m[0m



Import trace:
  Server Component:
    ./app/ClientRoot.jsx
    ./app/layout.js

https://nextjs.org/docs/messages/module-not-found


./app/ClientRoot.jsx:4:1
Module not found: Can't resolve '@/components/providers/ThemeProvider'
[0m [90m 2 |[39m
 [90m 3 |[39m [36mimport[39m { usePathname } [36mfrom[39m [32m"next/navigation"[39m[33m;[39m
[31m[1m>[22m[39m[90m 4 |[39m [36mimport[39m { [33mThemeProvider[39m } [36mfrom[39m [32m"@/components/providers/ThemeProvider"[39m[33m;[39m
 [90m   |[39m [31m[1m^[22m[39m[31m[1m^[22m[39m[31m[1m^[22m[39m[31m[1m^[22m[39m[31m[1m^[22m[39m[31m[1m^[22m[39m[31m[1m^[22m[39m[31m[1m^[22m[39m[31m[1m^[22m[39m[31m[1m^[22m[39m[31m[1m^[22m[39m[31m[1m^[22m[39m[31m[1m^[22m[39m[31m[1m^[22m[39m[31m[1m^[22m[39m[31m[1m^[22m[39m[31m[1m^[22m[39m[31m[1m^[22m[39m[31m[1m^[22m[39m[31m[1m^[22m[39m[31m[1m^[22m[39m[31m[1m^[22m[39m[31m[1m^[22m[39m[31m[1m^[22m[39m[31m[1m^[22m[39m[31m[1m^[22m[39m[31m[1m^[22m[39m[31m[1m^[22m[39m[31m[1m^[22m[39m[31m[1m^[22m[39m[31m[1m^[22m[39m[31m[1m^[22m[39m[31m[1m^[22m[39m[31m[1m^[22m[39m[31m[1m^[22m[39m[31m[1m^[22m[39m[31m[1m^[22m[39m[31m[1m^[22m[39m[31m[1m^[22m[39m[31m[1m^[22m[39m[31m[1m^[22m[39m[31m[1m^[22m[39m[31m[1m^[22m[39m[31m[1m^[22m[39m[31m[1m^[22m[39m[31m[1m^[22m[39m[31m[1m^[22m[39m[31m[1m^[22m[39m[31m[1m^[22m[39m[31m[1m^[22m[39m[31m[1m^[22m[39m[31m[1m^[22m[39m[31m[1m^[22m[39m[31m[1m^[22m[39m[31m[1m^[22m[39m[31m[1m^[22m[39m[31m[1m^[22m[39m[31m[1m^[22m[39m[31m[1m^[22m[39m[31m[1m^[22m[39m[31m[1m^[22m[39m[31m[1m^[22m[39m[31m[1m^[22m[39m[31m[1m^[22m[39m[31m[1m^[22m[39m[31m[1m^[22m[39m[31m[1m^[22m[39m[31m[1m^[22m[39m[31m[1m^[22m[39m
 [90m 5 |[39m [36mimport[39m [33mQueryProvider[39m [36mfrom[39m [32m"@/components/providers/QueryProvider"[39m[33m;[39m
 [90m 6 |[39m [36mimport[39m [33mNavbar[39m [36mfrom[39m [32m"@/components/layout/Navbar"[39m[33m;[39m
 [90m 7 |[39m [36mimport[39m [33mFooter[39m [36mfrom[39m [32m"@/components/layout/Footer"[39m[33m;[39m[0m



Import trace:
  Server Component:
    ./app/ClientRoot.jsx
    ./app/layout.js

https://nextjs.org/docs/messages/module-not-found


./app/ClientRoot.jsx:8:1
Module not found: Can't resolve '@/components/shared/BackgroundEffects'
[0m [90m  6 |[39m [36mimport[39m [33mNavbar[39m [36mfrom[39m [32m"@/components/layout/Navbar"[39m[33m;[39m
 [90m  7 |[39m [36mimport[39m [33mFooter[39m [36mfrom[39m [32m"@/components/layout/Footer"[39m[33m;[39m
[31m[1m>[22m[39m[90m  8 |[39m [36mimport[39m [33mBackgroundEffects[39m [36mfrom[39m [32m"@/components/shared/BackgroundEffects"[39m[33m;[39m
 [90m    |[39m [31m[1m^[22m[39m[31m[1m^[22m[39m[31m[1m^[22m[39m[31m[1m^[22m[39m[31m[1m^[22m[39m[31m[1m^[22m[39m[31m[1m^[22m[39m[31m[1m^[22m[39m[31m[1m^[22m[39m[31m[1m^[22m[39m[31m[1m^[22m[39m[31m[1m^[22m[39m[31m[1m^[22m[39m[31m[1m^[22m[39m[31m[1m^[22m[39m[31m[1m^[22m[39m[31m[1m^[22m[39m[31m[1m^[22m[39m[31m[1m^[22m[39m[31m[1m^[22m[39m[31m[1m^[22m[39m[31m[1m^[22m[39m[31m[1m^[22m[39m[31m[1m^[22m[39m[31m[1m^[22m[39m[31m[1m^[22m[39m[31m[1m^[22m[39m[31m[1m^[22m[39m[31m[1m^[22m[39m[31m[1m^[22m[39m[31m[1m^[22m[39m[31m[1m^[22m[39m[31m[1m^[22m[39m[31m[1m^[22m[39m[31m[1m^[22m[39m[31m[1m^[22m[39m[31m[1m^[22m[39m[31m[1m^[22m[39m[31m[1m^[22m[39m[31m[1m^[22m[39m[31m[1m^[22m[39m[31m[1m^[22m[39m[31m[1m^[22m[39m[31m[1m^[22m[39m[31m[1m^[22m[39m[31m[1m^[22m[39m[31m[1m^[22m[39m[31m[1m^[22m[39m[31m[1m^[22m[39m[31m[1m^[22m[39m[31m[1m^[22m[39m[31m[1m^[22m[39m[31m[1m^[22m[39m[31m[1m^[22m[39m[31m[1m^[22m[39m[31m[1m^[22m[39m[31m[1m^[22m[39m[31m[1m^[22m[39m[31m[1m^[22m[39m[31m[1m^[22m[39m[31m[1m^[22m[39m[31m[1m^[22m[39m[31m[1m^[22m[39m[31m[1m^[22m[39m[31m[1m^[22m[39m[31m[1m^[22m[39m[31m[1m^[22m[39m[31m[1m^[22m[39m[31m[1m^[22m[39m[31m[1m^[22m[39m
 [90m  9 |[39m
 [90m 10 |[39m [36mexport[39m [36mdefault[39m [36mfunction[39m [33mClientRoot[39m({ children }) {
 [90m 11 |[39m   [36mconst[39m pathname [33m=[39m usePathname()[33m;[39m[0m



Import trace:
  Server Component:
    ./app/ClientRoot.jsx
    ./app/layout.js

https://nextjs.org/docs/messages/module-not-found


./app/(public)/docs/[...slug]/page.jsx:9:1
Module not found: Can't resolve '@/components/shared/ShareButtons'
[0m [90m  7 |[39m [36mimport[39m { getProcessedMDX } [36mfrom[39m [32m"@/lib/mdx"[39m[33m;[39m
 [90m  8 |[39m [36mimport[39m [33mDocsList[39m [36mfrom[39m [32m"@/components/docs/DocsList"[39m[33m;[39m
[31m[1m>[22m[39m[90m  9 |[39m [36mimport[39m [33mShareButtons[39m [36mfrom[39m [32m"@/components/shared/ShareButtons"[39m[33m;[39m
 [90m    |[39m [31m[1m^[22m[39m[31m[1m^[22m[39m[31m[1m^[22m[39m[31m[1m^[22m[39m[31m[1m^[22m[39m[31m[1m^[22m[39m[31m[1m^[22m[39m[31m[1m^[22m[39m[31m[1m^[22m[39m[31m[1m^[22m[39m[31m[1m^[22m[39m[31m[1m^[22m[39m[31m[1m^[22m[39m[31m[1m^[22m[39m[31m[1m^[22m[39m[31m[1m^[22m[39m[31m[1m^[22m[39m[31m[1m^[22m[39m[31m[1m^[22m[39m[31m[1m^[22m[39m[31m[1m^[22m[39m[31m[1m^[22m[39m[31m[1m^[22m[39m[31m[1m^[22m[39m[31m[1m^[22m[39m[31m[1m^[22m[39m[31m[1m^[22m[39m[31m[1m^[22m[39m[31m[1m^[22m[39m[31m[1m^[22m[39m[31m[1m^[22m[39m[31m[1m^[22m[39m[31m[1m^[22m[39m[31m[1m^[22m[39m[31m[1m^[22m[39m[31m[1m^[22m[39m[31m[1m^[22m[39m[31m[1m^[22m[39m[31m[1m^[22m[39m[31m[1m^[22m[39m[31m[1m^[22m[39m[31m[1m^[22m[39m[31m[1m^[22m[39m[31m[1m^[22m[39m[31m[1m^[22m[39m[31m[1m^[22m[39m[31m[1m^[22m[39m[31m[1m^[22m[39m[31m[1m^[22m[39m[31m[1m^[22m[39m[31m[1m^[22m[39m[31m[1m^[22m[39m[31m[1m^[22m[39m[31m[1m^[22m[39m[31m[1m^[22m[39m[31m[1m^[22m[39m[31m[1m^[22m[39m[31m[1m^[22m[39m[31m[1m^[22m[39m[31m[1m^[22m[39m
 [90m 10 |[39m
 [90m 11 |[39m [90m// Resolve node by exact path in memory[39m
 [90m 12 |[39m [36masync[39m [36mfunction[39m resolveNodeByPath(slugArray) {[0m



https://nextjs.org/docs/messages/module-not-found


./app/(public)/notes/[...slug]/page.jsx:10:1
Module not found: Can't resolve '@/components/shared/ShareButtons'
[0m [90m  8 |[39m [36mimport[39m { eq[33m,[39m and } [36mfrom[39m [32m"drizzle-orm"[39m[33m;[39m
 [90m  9 |[39m [36mimport[39m { getProcessedMDX } [36mfrom[39m [32m"@/lib/mdx"[39m[33m;[39m
[31m[1m>[22m[39m[90m 10 |[39m [36mimport[39m [33mShareButtons[39m [36mfrom[39m [32m"@/components/shared/ShareButtons"[39m[33m;[39m
 [90m    |[39m [31m[1m^[22m[39m[31m[1m^[22m[39m[31m[1m^[22m[39m[31m[1m^[22m[39m[31m[1m^[22m[39m[31m[1m^[22m[39m[31m[1m^[22m[39m[31m[1m^[22m[39m[31m[1m^[22m[39m[31m[1m^[22m[39m[31m[1m^[22m[39m[31m[1m^[22m[39m[31m[1m^[22m[39m[31m[1m^[22m[39m[31m[1m^[22m[39m[31m[1m^[22m[39m[31m[1m^[22m[39m[31m[1m^[22m[39m[31m[1m^[22m[39m[31m[1m^[22m[39m[31m[1m^[22m[39m[31m[1m^[22m[39m[31m[1m^[22m[39m[31m[1m^[22m[39m[31m[1m^[22m[39m[31m[1m^[22m[39m[31m[1m^[22m[39m[31m[1m^[22m[39m[31m[1m^[22m[39m[31m[1m^[22m[39m[31m[1m^[22m[39m[31m[1m^[22m[39m[31m[1m^[22m[39m[31m[1m^[22m[39m[31m[1m^[22m[39m[31m[1m^[22m[39m[31m[1m^[22m[39m[31m[1m^[22m[39m[31m[1m^[22m[39m[31m[1m^[22m[39m[31m[1m^[22m[39m[31m[1m^[22m[39m[31m[1m^[22m[39m[31m[1m^[22m[39m[31m[1m^[22m[39m[31m[1m^[22m[39m[31m[1m^[22m[39m[31m[1m^[22m[39m[31m[1m^[22m[39m[31m[1m^[22m[39m[31m[1m^[22m[39m[31m[1m^[22m[39m[31m[1m^[22m[39m[31m[1m^[22m[39m[31m[1m^[22m[39m[31m[1m^[22m[39m[31m[1m^[22m[39m[31m[1m^[22m[39m[31m[1m^[22m[39m[31m[1m^[22m[39m
 [90m 11 |[39m
 [90m 12 |[39m [36masync[39m [36mfunction[39m getNoteNode(slugString) {
 [90m 13 |[39m   [36mconst[39m node [33m=[39m [36mawait[39m db[0m



https://nextjs.org/docs/messages/module-not-found


./app/api/blogs/[slug]/route.js:3:1
Module not found: Can't resolve '@/lib/cache/headers'
[0m [90m 1 |[39m [36mimport[39m { [33mNextResponse[39m } [36mfrom[39m [32m"next/server"[39m[33m;[39m
 [90m 2 |[39m [36mimport[39m { getCachedBlogBySlug[33m,[39m getBlogTags } [36mfrom[39m [32m"@/lib/db/queries/blogs"[39m[33m;[39m
[31m[1m>[22m[39m[90m 3 |[39m [36mimport[39m { withCacheHeaders } [36mfrom[39m [32m"@/lib/cache/headers"[39m[33m;[39m
 [90m   |[39m [31m[1m^[22m[39m[31m[1m^[22m[39m[31m[1m^[22m[39m[31m[1m^[22m[39m[31m[1m^[22m[39m[31m[1m^[22m[39m[31m[1m^[22m[39m[31m[1m^[22m[39m[31m[1m^[22m[39m[31m[1m^[22m[39m[31m[1m^[22m[39m[31m[1m^[22m[39m[31m[1m^[22m[39m[31m[1m^[22m[39m[31m[1m^[22m[39m[31m[1m^[22m[39m[31m[1m^[22m[39m[31m[1m^[22m[39m[31m[1m^[22m[39m[31m[1m^[22m[39m[31m[1m^[22m[39m[31m[1m^[22m[39m[31m[1m^[22m[39m[31m[1m^[22m[39m[31m[1m^[22m[39m[31m[1m^[22m[39m[31m[1m^[22m[39m[31m[1m^[22m[39m[31m[1m^[22m[39m[31m[1m^[22m[39m[31m[1m^[22m[39m[31m[1m^[22m[39m[31m[1m^[22m[39m[31m[1m^[22m[39m[31m[1m^[22m[39m[31m[1m^[22m[39m[31m[1m^[22m[39m[31m[1m^[22m[39m[31m[1m^[22m[39m[31m[1m^[22m[39m[31m[1m^[22m[39m[31m[1m^[22m[39m[31m[1m^[22m[39m[31m[1m^[22m[39m[31m[1m^[22m[39m[31m[1m^[22m[39m[31m[1m^[22m[39m[31m[1m^[22m[39m[31m[1m^[22m[39m[31m[1m^[22m[39m[31m[1m^[22m[39m[31m[1m^[22m[39m[31m[1m^[22m[39m[31m[1m^[22m[39m[31m[1m^[22m[39m
 [90m 4 |[39m
 [90m 5 |[39m [36mexport[39m [36masync[39m [36mfunction[39m [33mGET[39m(req[33m,[39m { params }) {
 [90m 6 |[39m   [36mtry[39m {[0m



https://nextjs.org/docs/messages/module-not-found


./app/api/blogs/route.js:3:1
Module not found: Can't resolve '@/lib/cache/headers'
[0m [90m 1 |[39m [36mimport[39m { [33mNextResponse[39m } [36mfrom[39m [32m"next/server"[39m[33m;[39m
 [90m 2 |[39m [36mimport[39m { getCachedPublishedBlogs[33m,[39m getAllBlogTags } [36mfrom[39m [32m"@/lib/db/queries/blogs"[39m[33m;[39m
[31m[1m>[22m[39m[90m 3 |[39m [36mimport[39m { withCacheHeaders } [36mfrom[39m [32m"@/lib/cache/headers"[39m[33m;[39m
 [90m   |[39m [31m[1m^[22m[39m[31m[1m^[22m[39m[31m[1m^[22m[39m[31m[1m^[22m[39m[31m[1m^[22m[39m[31m[1m^[22m[39m[31m[1m^[22m[39m[31m[1m^[22m[39m[31m[1m^[22m[39m[31m[1m^[22m[39m[31m[1m^[22m[39m[31m[1m^[22m[39m[31m[1m^[22m[39m[31m[1m^[22m[39m[31m[1m^[22m[39m[31m[1m^[22m[39m[31m[1m^[22m[39m[31m[1m^[22m[39m[31m[1m^[22m[39m[31m[1m^[22m[39m[31m[1m^[22m[39m[31m[1m^[22m[39m[31m[1m^[22m[39m[31m[1m^[22m[39m[31m[1m^[22m[39m[31m[1m^[22m[39m[31m[1m^[22m[39m[31m[1m^[22m[39m[31m[1m^[22m[39m[31m[1m^[22m[39m[31m[1m^[22m[39m[31m[1m^[22m[39m[31m[1m^[22m[39m[31m[1m^[22m[39m[31m[1m^[22m[39m[31m[1m^[22m[39m[31m[1m^[22m[39m[31m[1m^[22m[39m[31m[1m^[22m[39m[31m[1m^[22m[39m[31m[1m^[22m[39m[31m[1m^[22m[39m[31m[1m^[22m[39m[31m[1m^[22m[39m[31m[1m^[22m[39m[31m[1m^[22m[39m[31m[1m^[22m[39m[31m[1m^[22m[39m[31m[1m^[22m[39m[31m[1m^[22m[39m[31m[1m^[22m[39m[31m[1m^[22m[39m[31m[1m^[22m[39m[31m[1m^[22m[39m[31m[1m^[22m[39m
 [90m 4 |[39m
 [90m 5 |[39m [36mexport[39m [36masync[39m [36mfunction[39m [33mGET[39m(req) {
 [90m 6 |[39m   [36mtry[39m {[0m



https://nextjs.org/docs/messages/module-not-found


./app/api/docs/recent/route.js:3:1
Module not found: Can't resolve '@/lib/cache/headers'
[0m [90m 1 |[39m [36mimport[39m { [33mNextResponse[39m } [36mfrom[39m [32m"next/server"[39m[33m;[39m
 [90m 2 |[39m [36mimport[39m { getCachedRecentDocs[33m,[39m getCachedAllDocs } [36mfrom[39m [32m"@/lib/db/queries/docs"[39m[33m;[39m
[31m[1m>[22m[39m[90m 3 |[39m [36mimport[39m { withCacheHeaders } [36mfrom[39m [32m"@/lib/cache/headers"[39m[33m;[39m
 [90m   |[39m [31m[1m^[22m[39m[31m[1m^[22m[39m[31m[1m^[22m[39m[31m[1m^[22m[39m[31m[1m^[22m[39m[31m[1m^[22m[39m[31m[1m^[22m[39m[31m[1m^[22m[39m[31m[1m^[22m[39m[31m[1m^[22m[39m[31m[1m^[22m[39m[31m[1m^[22m[39m[31m[1m^[22m[39m[31m[1m^[22m[39m[31m[1m^[22m[39m[31m[1m^[22m[39m[31m[1m^[22m[39m[31m[1m^[22m[39m[31m[1m^[22m[39m[31m[1m^[22m[39m[31m[1m^[22m[39m[31m[1m^[22m[39m[31m[1m^[22m[39m[31m[1m^[22m[39m[31m[1m^[22m[39m[31m[1m^[22m[39m[31m[1m^[22m[39m[31m[1m^[22m[39m[31m[1m^[22m[39m[31m[1m^[22m[39m[31m[1m^[22m[39m[31m[1m^[22m[39m[31m[1m^[22m[39m[31m[1m^[22m[39m[31m[1m^[22m[39m[31m[1m^[22m[39m[31m[1m^[22m[39m[31m[1m^[22m[39m[31m[1m^[22m[39m[31m[1m^[22m[39m[31m[1m^[22m[39m[31m[1m^[22m[39m[31m[1m^[22m[39m[31m[1m^[22m[39m[31m[1m^[22m[39m[31m[1m^[22m[39m[31m[1m^[22m[39m[31m[1m^[22m[39m[31m[1m^[22m[39m[31m[1m^[22m[39m[31m[1m^[22m[39m[31m[1m^[22m[39m[31m[1m^[22m[39m[31m[1m^[22m[39m[31m[1m^[22m[39m
 [90m 4 |[39m
 [90m 5 |[39m [36mexport[39m [36masync[39m [36mfunction[39m [33mGET[39m(req) {
 [90m 6 |[39m   [36mtry[39m {[0m



https://nextjs.org/docs/messages/module-not-found


./app/api/docs/route.js:3:1
Module not found: Can't resolve '@/lib/cache/headers'
[0m [90m 1 |[39m [36mimport[39m { [33mNextResponse[39m } [36mfrom[39m [32m"next/server"[39m[33m;[39m
 [90m 2 |[39m [36mimport[39m { getCachedDocsByParentSlug } [36mfrom[39m [32m"@/lib/db/queries/docs"[39m[33m;[39m
[31m[1m>[22m[39m[90m 3 |[39m [36mimport[39m { withCacheHeaders } [36mfrom[39m [32m"@/lib/cache/headers"[39m[33m;[39m
 [90m   |[39m [31m[1m^[22m[39m[31m[1m^[22m[39m[31m[1m^[22m[39m[31m[1m^[22m[39m[31m[1m^[22m[39m[31m[1m^[22m[39m[31m[1m^[22m[39m[31m[1m^[22m[39m[31m[1m^[22m[39m[31m[1m^[22m[39m[31m[1m^[22m[39m[31m[1m^[22m[39m[31m[1m^[22m[39m[31m[1m^[22m[39m[31m[1m^[22m[39m[31m[1m^[22m[39m[31m[1m^[22m[39m[31m[1m^[22m[39m[31m[1m^[22m[39m[31m[1m^[22m[39m[31m[1m^[22m[39m[31m[1m^[22m[39m[31m[1m^[22m[39m[31m[1m^[22m[39m[31m[1m^[22m[39m[31m[1m^[22m[39m[31m[1m^[22m[39m[31m[1m^[22m[39m[31m[1m^[22m[39m[31m[1m^[22m[39m[31m[1m^[22m[39m[31m[1m^[22m[39m[31m[1m^[22m[39m[31m[1m^[22m[39m[31m[1m^[22m[39m[31m[1m^[22m[39m[31m[1m^[22m[39m[31m[1m^[22m[39m[31m[1m^[22m[39m[31m[1m^[22m[39m[31m[1m^[22m[39m[31m[1m^[22m[39m[31m[1m^[22m[39m[31m[1m^[22m[39m[31m[1m^[22m[39m[31m[1m^[22m[39m[31m[1m^[22m[39m[31m[1m^[22m[39m[31m[1m^[22m[39m[31m[1m^[22m[39m[31m[1m^[22m[39m[31m[1m^[22m[39m[31m[1m^[22m[39m[31m[1m^[22m[39m[31m[1m^[22m[39m
 [90m 4 |[39m
 [90m 5 |[39m [36mexport[39m [36masync[39m [36mfunction[39m [33mGET[39m(req) {
 [90m 6 |[39m   [36mtry[39m {[0m



https://nextjs.org/docs/messages/module-not-found


./app/api/docs/subtree/route.js:4:1
Module not found: Can't resolve '@/lib/cache/headers'
[0m [90m 2 |[39m [36mimport[39m { db } [36mfrom[39m [32m"@/lib/db"[39m[33m;[39m
 [90m 3 |[39m [36mimport[39m { sql } [36mfrom[39m [32m"drizzle-orm"[39m[33m;[39m
[31m[1m>[22m[39m[90m 4 |[39m [36mimport[39m { withCacheHeaders } [36mfrom[39m [32m"@/lib/cache/headers"[39m[33m;[39m
 [90m   |[39m [31m[1m^[22m[39m[31m[1m^[22m[39m[31m[1m^[22m[39m[31m[1m^[22m[39m[31m[1m^[22m[39m[31m[1m^[22m[39m[31m[1m^[22m[39m[31m[1m^[22m[39m[31m[1m^[22m[39m[31m[1m^[22m[39m[31m[1m^[22m[39m[31m[1m^[22m[39m[31m[1m^[22m[39m[31m[1m^[22m[39m[31m[1m^[22m[39m[31m[1m^[22m[39m[31m[1m^[22m[39m[31m[1m^[22m[39m[31m[1m^[22m[39m[31m[1m^[22m[39m[31m[1m^[22m[39m[31m[1m^[22m[39m[31m[1m^[22m[39m[31m[1m^[22m[39m[31m[1m^[22m[39m[31m[1m^[22m[39m[31m[1m^[22m[39m[31m[1m^[22m[39m[31m[1m^[22m[39m[31m[1m^[22m[39m[31m[1m^[22m[39m[31m[1m^[22m[39m[31m[1m^[22m[39m[31m[1m^[22m[39m[31m[1m^[22m[39m[31m[1m^[22m[39m[31m[1m^[22m[39m[31m[1m^[22m[39m[31m[1m^[22m[39m[31m[1m^[22m[39m[31m[1m^[22m[39m[31m[1m^[22m[39m[31m[1m^[22m[39m[31m[1m^[22m[39m[31m[1m^[22m[39m[31m[1m^[22m[39m[31m[1m^[22m[39m[31m[1m^[22m[39m[31m[1m^[22m[39m[31m[1m^[22m[39m[31m[1m^[22m[39m[31m[1m^[22m[39m[31m[1m^[22m[39m[31m[1m^[22m[39m[31m[1m^[22m[39m
 [90m 5 |[39m
 [90m 6 |[39m [36mexport[39m [36masync[39m [36mfunction[39m [33mGET[39m(req) {
 [90m 7 |[39m   [36mtry[39m {[0m



https://nextjs.org/docs/messages/module-not-found


./app/api/notes/node/route.js:3:1
Module not found: Can't resolve '@/lib/cache/headers'
[0m [90m 1 |[39m [36mimport[39m { [33mNextResponse[39m } [36mfrom[39m [32m"next/server"[39m[33m;[39m
 [90m 2 |[39m [36mimport[39m { getNoteBySlug } [36mfrom[39m [32m"@/lib/db/queries/notes"[39m[33m;[39m
[31m[1m>[22m[39m[90m 3 |[39m [36mimport[39m { withCacheHeaders } [36mfrom[39m [32m"@/lib/cache/headers"[39m[33m;[39m
 [90m   |[39m [31m[1m^[22m[39m[31m[1m^[22m[39m[31m[1m^[22m[39m[31m[1m^[22m[39m[31m[1m^[22m[39m[31m[1m^[22m[39m[31m[1m^[22m[39m[31m[1m^[22m[39m[31m[1m^[22m[39m[31m[1m^[22m[39m[31m[1m^[22m[39m[31m[1m^[22m[39m[31m[1m^[22m[39m[31m[1m^[22m[39m[31m[1m^[22m[39m[31m[1m^[22m[39m[31m[1m^[22m[39m[31m[1m^[22m[39m[31m[1m^[22m[39m[31m[1m^[22m[39m[31m[1m^[22m[39m[31m[1m^[22m[39m[31m[1m^[22m[39m[31m[1m^[22m[39m[31m[1m^[22m[39m[31m[1m^[22m[39m[31m[1m^[22m[39m[31m[1m^[22m[39m[31m[1m^[22m[39m[31m[1m^[22m[39m[31m[1m^[22m[39m[31m[1m^[22m[39m[31m[1m^[22m[39m[31m[1m^[22m[39m[31m[1m^[22m[39m[31m[1m^[22m[39m[31m[1m^[22m[39m[31m[1m^[22m[39m[31m[1m^[22m[39m[31m[1m^[22m[39m[31m[1m^[22m[39m[31m[1m^[22m[39m[31m[1m^[22m[39m[31m[1m^[22m[39m[31m[1m^[22m[39m[31m[1m^[22m[39m[31m[1m^[22m[39m[31m[1m^[22m[39m[31m[1m^[22m[39m[31m[1m^[22m[39m[31m[1m^[22m[39m[31m[1m^[22m[39m[31m[1m^[22m[39m[31m[1m^[22m[39m[31m[1m^[22m[39m
 [90m 4 |[39m
 [90m 5 |[39m [36mexport[39m [36masync[39m [36mfunction[39m [33mGET[39m(req) {
 [90m 6 |[39m   [36mtry[39m {[0m



https://nextjs.org/docs/messages/module-not-found


./app/api/notes/route.js:3:1
Module not found: Can't resolve '@/lib/cache/headers'
[0m [90m 1 |[39m [36mimport[39m { [33mNextResponse[39m } [36mfrom[39m [32m"next/server"[39m[33m;[39m
 [90m 2 |[39m [36mimport[39m { getCachedNotesByParentSlug } [36mfrom[39m [32m"@/lib/db/queries/notes"[39m[33m;[39m
[31m[1m>[22m[39m[90m 3 |[39m [36mimport[39m { withCacheHeaders } [36mfrom[39m [32m"@/lib/cache/headers"[39m[33m;[39m
 [90m   |[39m [31m[1m^[22m[39m[31m[1m^[22m[39m[31m[1m^[22m[39m[31m[1m^[22m[39m[31m[1m^[22m[39m[31m[1m^[22m[39m[31m[1m^[22m[39m[31m[1m^[22m[39m[31m[1m^[22m[39m[31m[1m^[22m[39m[31m[1m^[22m[39m[31m[1m^[22m[39m[31m[1m^[22m[39m[31m[1m^[22m[39m[31m[1m^[22m[39m[31m[1m^[22m[39m[31m[1m^[22m[39m[31m[1m^[22m[39m[31m[1m^[22m[39m[31m[1m^[22m[39m[31m[1m^[22m[39m[31m[1m^[22m[39m[31m[1m^[22m[39m[31m[1m^[22m[39m[31m[1m^[22m[39m[31m[1m^[22m[39m[31m[1m^[22m[39m[31m[1m^[22m[39m[31m[1m^[22m[39m[31m[1m^[22m[39m[31m[1m^[22m[39m[31m[1m^[22m[39m[31m[1m^[22m[39m[31m[1m^[22m[39m[31m[1m^[22m[39m[31m[1m^[22m[39m[31m[1m^[22m[39m[31m[1m^[22m[39m[31m[1m^[22m[39m[31m[1m^[22m[39m[31m[1m^[22m[39m[31m[1m^[22m[39m[31m[1m^[22m[39m[31m[1m^[22m[39m[31m[1m^[22m[39m[31m[1m^[22m[39m[31m[1m^[22m[39m[31m[1m^[22m[39m[31m[1m^[22m[39m[31m[1m^[22m[39m[31m[1m^[22m[39m[31m[1m^[22m[39m[31m[1m^[22m[39m[31m[1m^[22m[39m[31m[1m^[22m[39m
 [90m 4 |[39m
 [90m 5 |[39m [36mexport[39m [36masync[39m [36mfunction[39m [33mGET[39m(req) {
 [90m 6 |[39m   [36mtry[39m {[0m



https://nextjs.org/docs/messages/module-not-found


./app/api/notes/subtree/route.js:4:1
Module not found: Can't resolve '@/lib/cache/headers'
[0m [90m 2 |[39m [36mimport[39m { db } [36mfrom[39m [32m"@/lib/db"[39m[33m;[39m
 [90m 3 |[39m [36mimport[39m { sql } [36mfrom[39m [32m"drizzle-orm"[39m[33m;[39m
[31m[1m>[22m[39m[90m 4 |[39m [36mimport[39m { withCacheHeaders } [36mfrom[39m [32m"@/lib/cache/headers"[39m[33m;[39m
 [90m   |[39m [31m[1m^[22m[39m[31m[1m^[22m[39m[31m[1m^[22m[39m[31m[1m^[22m[39m[31m[1m^[22m[39m[31m[1m^[22m[39m[31m[1m^[22m[39m[31m[1m^[22m[39m[31m[1m^[22m[39m[31m[1m^[22m[39m[31m[1m^[22m[39m[31m[1m^[22m[39m[31m[1m^[22m[39m[31m[1m^[22m[39m[31m[1m^[22m[39m[31m[1m^[22m[39m[31m[1m^[22m[39m[31m[1m^[22m[39m[31m[1m^[22m[39m[31m[1m^[22m[39m[31m[1m^[22m[39m[31m[1m^[22m[39m[31m[1m^[22m[39m[31m[1m^[22m[39m[31m[1m^[22m[39m[31m[1m^[22m[39m[31m[1m^[22m[39m[31m[1m^[22m[39m[31m[1m^[22m[39m[31m[1m^[22m[39m[31m[1m^[22m[39m[31m[1m^[22m[39m[31m[1m^[22m[39m[31m[1m^[22m[39m[31m[1m^[22m[39m[31m[1m^[22m[39m[31m[1m^[22m[39m[31m[1m^[22m[39m[31m[1m^[22m[39m[31m[1m^[22m[39m[31m[1m^[22m[39m[31m[1m^[22m[39m[31m[1m^[22m[39m[31m[1m^[22m[39m[31m[1m^[22m[39m[31m[1m^[22m[39m[31m[1m^[22m[39m[31m[1m^[22m[39m[31m[1m^[22m[39m[31m[1m^[22m[39m[31m[1m^[22m[39m[31m[1m^[22m[39m[31m[1m^[22m[39m[31m[1m^[22m[39m[31m[1m^[22m[39m
 [90m 5 |[39m
 [90m 6 |[39m [36mexport[39m [36masync[39m [36mfunction[39m [33mGET[39m(req) {
 [90m 7 |[39m   [36mtry[39m {[0m



https://nextjs.org/docs/messages/module-not-found


./app/api/notifications/route.js:3:1
Module not found: Can't resolve '@/lib/cache/headers'
[0m [90m 1 |[39m [36mimport[39m { [33mNextResponse[39m } [36mfrom[39m [32m"next/server"[39m[33m;[39m
 [90m 2 |[39m [36mimport[39m { getActiveNotifications } [36mfrom[39m [32m"@/lib/db/queries/notifications"[39m[33m;[39m
[31m[1m>[22m[39m[90m 3 |[39m [36mimport[39m { withCacheHeaders } [36mfrom[39m [32m"@/lib/cache/headers"[39m[33m;[39m
 [90m   |[39m [31m[1m^[22m[39m[31m[1m^[22m[39m[31m[1m^[22m[39m[31m[1m^[22m[39m[31m[1m^[22m[39m[31m[1m^[22m[39m[31m[1m^[22m[39m[31m[1m^[22m[39m[31m[1m^[22m[39m[31m[1m^[22m[39m[31m[1m^[22m[39m[31m[1m^[22m[39m[31m[1m^[22m[39m[31m[1m^[22m[39m[31m[1m^[22m[39m[31m[1m^[22m[39m[31m[1m^[22m[39m[31m[1m^[22m[39m[31m[1m^[22m[39m[31m[1m^[22m[39m[31m[1m^[22m[39m[31m[1m^[22m[39m[31m[1m^[22m[39m[31m[1m^[22m[39m[31m[1m^[22m[39m[31m[1m^[22m[39m[31m[1m^[22m[39m[31m[1m^[22m[39m[31m[1m^[22m[39m[31m[1m^[22m[39m[31m[1m^[22m[39m[31m[1m^[22m[39m[31m[1m^[22m[39m[31m[1m^[22m[39m[31m[1m^[22m[39m[31m[1m^[22m[39m[31m[1m^[22m[39m[31m[1m^[22m[39m[31m[1m^[22m[39m[31m[1m^[22m[39m[31m[1m^[22m[39m[31m[1m^[22m[39m[31m[1m^[22m[39m[31m[1m^[22m[39m[31m[1m^[22m[39m[31m[1m^[22m[39m[31m[1m^[22m[39m[31m[1m^[22m[39m[31m[1m^[22m[39m[31m[1m^[22m[39m[31m[1m^[22m[39m[31m[1m^[22m[39m[31m[1m^[22m[39m[31m[1m^[22m[39m[31m[1m^[22m[39m
 [90m 4 |[39m
 [90m 5 |[39m [36mexport[39m [36masync[39m [36mfunction[39m [33mGET[39m() {
 [90m 6 |[39m   [36mtry[39m {[0m



https://nextjs.org/docs/messages/module-not-found


./app/api/tags/route.js:3:1
Module not found: Can't resolve '@/lib/cache/headers'
[0m [90m 1 |[39m [36mimport[39m { [33mNextResponse[39m } [36mfrom[39m [32m"next/server"[39m[33m;[39m
 [90m 2 |[39m [36mimport[39m { getCachedAllTags } [36mfrom[39m [32m"@/lib/db/queries/tags"[39m[33m;[39m
[31m[1m>[22m[39m[90m 3 |[39m [36mimport[39m { withCacheHeaders } [36mfrom[39m [32m"@/lib/cache/headers"[39m[33m;[39m
 [90m   |[39m [31m[1m^[22m[39m[31m[1m^[22m[39m[31m[1m^[22m[39m[31m[1m^[22m[39m[31m[1m^[22m[39m[31m[1m^[22m[39m[31m[1m^[22m[39m[31m[1m^[22m[39m[31m[1m^[22m[39m[31m[1m^[22m[39m[31m[1m^[22m[39m[31m[1m^[22m[39m[31m[1m^[22m[39m[31m[1m^[22m[39m[31m[1m^[22m[39m[31m[1m^[22m[39m[31m[1m^[22m[39m[31m[1m^[22m[39m[31m[1m^[22m[39m[31m[1m^[22m[39m[31m[1m^[22m[39m[31m[1m^[22m[39m[31m[1m^[22m[39m[31m[1m^[22m[39m[31m[1m^[22m[39m[31m[1m^[22m[39m[31m[1m^[22m[39m[31m[1m^[22m[39m[31m[1m^[22m[39m[31m[1m^[22m[39m[31m[1m^[22m[39m[31m[1m^[22m[39m[31m[1m^[22m[39m[31m[1m^[22m[39m[31m[1m^[22m[39m[31m[1m^[22m[39m[31m[1m^[22m[39m[31m[1m^[22m[39m[31m[1m^[22m[39m[31m[1m^[22m[39m[31m[1m^[22m[39m[31m[1m^[22m[39m[31m[1m^[22m[39m[31m[1m^[22m[39m[31m[1m^[22m[39m[31m[1m^[22m[39m[31m[1m^[22m[39m[31m[1m^[22m[39m[31m[1m^[22m[39m[31m[1m^[22m[39m[31m[1m^[22m[39m[31m[1m^[22m[39m[31m[1m^[22m[39m[31m[1m^[22m[39m[31m[1m^[22m[39m
 [90m 4 |[39m
 [90m 5 |[39m [36mexport[39m [36masync[39m [36mfunction[39m [33mGET[39m() {
 [90m 6 |[39m   [36mtry[39m {[0m



https://nextjs.org/docs/messages/module-not-found


./app/api/search/route.js:5:1
Module not found: Can't resolve '@/lib/cache/lru'
[0m [90m 3 |[39m [36mimport[39m { docs[33m,[39m notes[33m,[39m blogs } [36mfrom[39m [32m"@/lib/db/schema"[39m[33m;[39m
 [90m 4 |[39m [36mimport[39m { eq[33m,[39m and[33m,[39m ilike[33m,[39m or } [36mfrom[39m [32m"drizzle-orm"[39m[33m;[39m
[31m[1m>[22m[39m[90m 5 |[39m [36mimport[39m { cached } [36mfrom[39m [32m"@/lib/cache/lru"[39m[33m;[39m
 [90m   |[39m [31m[1m^[22m[39m[31m[1m^[22m[39m[31m[1m^[22m[39m[31m[1m^[22m[39m[31m[1m^[22m[39m[31m[1m^[22m[39m[31m[1m^[22m[39m[31m[1m^[22m[39m[31m[1m^[22m[39m[31m[1m^[22m[39m[31m[1m^[22m[39m[31m[1m^[22m[39m[31m[1m^[22m[39m[31m[1m^[22m[39m[31m[1m^[22m[39m[31m[1m^[22m[39m[31m[1m^[22m[39m[31m[1m^[22m[39m[31m[1m^[22m[39m[31m[1m^[22m[39m[31m[1m^[22m[39m[31m[1m^[22m[39m[31m[1m^[22m[39m[31m[1m^[22m[39m[31m[1m^[22m[39m[31m[1m^[22m[39m[31m[1m^[22m[39m[31m[1m^[22m[39m[31m[1m^[22m[39m[31m[1m^[22m[39m[31m[1m^[22m[39m[31m[1m^[22m[39m[31m[1m^[22m[39m[31m[1m^[22m[39m[31m[1m^[22m[39m[31m[1m^[22m[39m[31m[1m^[22m[39m[31m[1m^[22m[39m[31m[1m^[22m[39m[31m[1m^[22m[39m[31m[1m^[22m[39m
 [90m 6 |[39m [36mimport[39m { getCachedAllDocs } [36mfrom[39m [32m"@/lib/db/queries/docs"[39m[33m;[39m
 [90m 7 |[39m [36mimport[39m { getCachedAllNotes } [36mfrom[39m [32m"@/lib/db/queries/notes"[39m[33m;[39m
 [90m 8 |[39m [36mimport[39m { getCachedPublishedBlogs } [36mfrom[39m [32m"@/lib/db/queries/blogs"[39m[33m;[39m[0m



https://nextjs.org/docs/messages/module-not-found


./app/(public)/notes/[...slug]/page.jsx:6:1
Module not found: Can't resolve '@/lib/db'
[0m [90m 4 |[39m [36mimport[39m [33mTableOfContents[39m [36mfrom[39m [32m"@/components/docs/TableOfContents"[39m[33m;[39m
 [90m 5 |[39m [36mimport[39m { getCachedNotesByParentSlug } [36mfrom[39m [32m"@/lib/db/queries/notes"[39m[33m;[39m
[31m[1m>[22m[39m[90m 6 |[39m [36mimport[39m { db } [36mfrom[39m [32m"@/lib/db"[39m[33m;[39m
 [90m   |[39m [31m[1m^[22m[39m[31m[1m^[22m[39m[31m[1m^[22m[39m[31m[1m^[22m[39m[31m[1m^[22m[39m[31m[1m^[22m[39m[31m[1m^[22m[39m[31m[1m^[22m[39m[31m[1m^[22m[39m[31m[1m^[22m[39m[31m[1m^[22m[39m[31m[1m^[22m[39m[31m[1m^[22m[39m[31m[1m^[22m[39m[31m[1m^[22m[39m[31m[1m^[22m[39m[31m[1m^[22m[39m[31m[1m^[22m[39m[31m[1m^[22m[39m[31m[1m^[22m[39m[31m[1m^[22m[39m[31m[1m^[22m[39m[31m[1m^[22m[39m[31m[1m^[22m[39m[31m[1m^[22m[39m[31m[1m^[22m[39m[31m[1m^[22m[39m[31m[1m^[22m[39m[31m[1m^[22m[39m[31m[1m^[22m[39m
 [90m 7 |[39m [36mimport[39m { notes } [36mfrom[39m [32m"@/lib/db/schema"[39m[33m;[39m
 [90m 8 |[39m [36mimport[39m { eq[33m,[39m and } [36mfrom[39m [32m"drizzle-orm"[39m[33m;[39m
 [90m 9 |[39m [36mimport[39m { getProcessedMDX } [36mfrom[39m [32m"@/lib/mdx"[39m[33m;[39m[0m



https://nextjs.org/docs/messages/module-not-found


./app/api/docs/subtree/route.js:2:1
Module not found: Can't resolve '@/lib/db'
[0m [90m 1 |[39m [36mimport[39m { [33mNextResponse[39m } [36mfrom[39m [32m"next/server"[39m[33m;[39m
[31m[1m>[22m[39m[90m 2 |[39m [36mimport[39m { db } [36mfrom[39m [32m"@/lib/db"[39m[33m;[39m
 [90m   |[39m [31m[1m^[22m[39m[31m[1m^[22m[39m[31m[1m^[22m[39m[31m[1m^[22m[39m[31m[1m^[22m[39m[31m[1m^[22m[39m[31m[1m^[22m[39m[31m[1m^[22m[39m[31m[1m^[22m[39m[31m[1m^[22m[39m[31m[1m^[22m[39m[31m[1m^[22m[39m[31m[1m^[22m[39m[31m[1m^[22m[39m[31m[1m^[22m[39m[31m[1m^[22m[39m[31m[1m^[22m[39m[31m[1m^[22m[39m[31m[1m^[22m[39m[31m[1m^[22m[39m[31m[1m^[22m[39m[31m[1m^[22m[39m[31m[1m^[22m[39m[31m[1m^[22m[39m[31m[1m^[22m[39m[31m[1m^[22m[39m[31m[1m^[22m[39m[31m[1m^[22m[39m[31m[1m^[22m[39m[31m[1m^[22m[39m
 [90m 3 |[39m [36mimport[39m { sql } [36mfrom[39m [32m"drizzle-orm"[39m[33m;[39m
 [90m 4 |[39m [36mimport[39m { withCacheHeaders } [36mfrom[39m [32m"@/lib/cache/headers"[39m[33m;[39m
 [90m 5 |[39m[0m



https://nextjs.org/docs/messages/module-not-found


./app/api/notes/subtree/route.js:2:1
Module not found: Can't resolve '@/lib/db'
[0m [90m 1 |[39m [36mimport[39m { [33mNextResponse[39m } [36mfrom[39m [32m"next/server"[39m[33m;[39m
[31m[1m>[22m[39m[90m 2 |[39m [36mimport[39m { db } [36mfrom[39m [32m"@/lib/db"[39m[33m;[39m
 [90m   |[39m [31m[1m^[22m[39m[31m[1m^[22m[39m[31m[1m^[22m[39m[31m[1m^[22m[39m[31m[1m^[22m[39m[31m[1m^[22m[39m[31m[1m^[22m[39m[31m[1m^[22m[39m[31m[1m^[22m[39m[31m[1m^[22m[39m[31m[1m^[22m[39m[31m[1m^[22m[39m[31m[1m^[22m[39m[31m[1m^[22m[39m[31m[1m^[22m[39m[31m[1m^[22m[39m[31m[1m^[22m[39m[31m[1m^[22m[39m[31m[1m^[22m[39m[31m[1m^[22m[39m[31m[1m^[22m[39m[31m[1m^[22m[39m[31m[1m^[22m[39m[31m[1m^[22m[39m[31m[1m^[22m[39m[31m[1m^[22m[39m[31m[1m^[22m[39m[31m[1m^[22m[39m[31m[1m^[22m[39m[31m[1m^[22m[39m
 [90m 3 |[39m [36mimport[39m { sql } [36mfrom[39m [32m"drizzle-orm"[39m[33m;[39m
 [90m 4 |[39m [36mimport[39m { withCacheHeaders } [36mfrom[39m [32m"@/lib/cache/headers"[39m[33m;[39m
 [90m 5 |[39m[0m



https://nextjs.org/docs/messages/module-not-found


./app/api/search/route.js:2:1
Module not found: Can't resolve '@/lib/db'
[0m [90m 1 |[39m [36mimport[39m { [33mNextResponse[39m } [36mfrom[39m [32m"next/server"[39m[33m;[39m
[31m[1m>[22m[39m[90m 2 |[39m [36mimport[39m { db } [36mfrom[39m [32m"@/lib/db"[39m[33m;[39m
 [90m   |[39m [31m[1m^[22m[39m[31m[1m^[22m[39m[31m[1m^[22m[39m[31m[1m^[22m[39m[31m[1m^[22m[39m[31m[1m^[22m[39m[31m[1m^[22m[39m[31m[1m^[22m[39m[31m[1m^[22m[39m[31m[1m^[22m[39m[31m[1m^[22m[39m[31m[1m^[22m[39m[31m[1m^[22m[39m[31m[1m^[22m[39m[31m[1m^[22m[39m[31m[1m^[22m[39m[31m[1m^[22m[39m[31m[1m^[22m[39m[31m[1m^[22m[39m[31m[1m^[22m[39m[31m[1m^[22m[39m[31m[1m^[22m[39m[31m[1m^[22m[39m[31m[1m^[22m[39m[31m[1m^[22m[39m[31m[1m^[22m[39m[31m[1m^[22m[39m[31m[1m^[22m[39m[31m[1m^[22m[39m[31m[1m^[22m[39m
 [90m 3 |[39m [36mimport[39m { docs[33m,[39m notes[33m,[39m blogs } [36mfrom[39m [32m"@/lib/db/schema"[39m[33m;[39m
 [90m 4 |[39m [36mimport[39m { eq[33m,[39m and[33m,[39m ilike[33m,[39m or } [36mfrom[39m [32m"drizzle-orm"[39m[33m;[39m
 [90m 5 |[39m [36mimport[39m { cached } [36mfrom[39m [32m"@/lib/cache/lru"[39m[33m;[39m[0m



https://nextjs.org/docs/messages/module-not-found


./app/sitemap.js:1:1
Module not found: Can't resolve '@/lib/db'
[0m[31m[1m>[22m[39m[90m 1 |[39m [36mimport[39m { db } [36mfrom[39m [32m"@/lib/db"[39m[33m;[39m
 [90m   |[39m [31m[1m^[22m[39m[31m[1m^[22m[39m[31m[1m^[22m[39m[31m[1m^[22m[39m[31m[1m^[22m[39m[31m[1m^[22m[39m[31m[1m^[22m[39m[31m[1m^[22m[39m[31m[1m^[22m[39m[31m[1m^[22m[39m[31m[1m^[22m[39m[31m[1m^[22m[39m[31m[1m^[22m[39m[31m[1m^[22m[39m[31m[1m^[22m[39m[31m[1m^[22m[39m[31m[1m^[22m[39m[31m[1m^[22m[39m[31m[1m^[22m[39m[31m[1m^[22m[39m[31m[1m^[22m[39m[31m[1m^[22m[39m[31m[1m^[22m[39m[31m[1m^[22m[39m[31m[1m^[22m[39m[31m[1m^[22m[39m[31m[1m^[22m[39m[31m[1m^[22m[39m[31m[1m^[22m[39m[31m[1m^[22m[39m
 [90m 2 |[39m [36mimport[39m { docs[33m,[39m notes[33m,[39m blogs } [36mfrom[39m [32m"@/lib/db/schema"[39m[33m;[39m
 [90m 3 |[39m [36mimport[39m { eq } [36mfrom[39m [32m"drizzle-orm"[39m[33m;[39m
 [90m 4 |[39m[0m



Import trace:
  App Route:
    ./app/sitemap.js
    ./app/sitemap--route-entry.js

https://nextjs.org/docs/messages/module-not-found


./app/(public)/blogs/[slug]/page.jsx:3:1
Module not found: Can't resolve '@/lib/db/queries/blogs'
[0m [90m 1 |[39m [36mimport[39m { notFound } [36mfrom[39m [32m"next/navigation"[39m[33m;[39m
 [90m 2 |[39m [36mimport[39m [33mBlogReader[39m [36mfrom[39m [32m"@/components/blogs/BlogReader"[39m[33m;[39m
[31m[1m>[22m[39m[90m 3 |[39m [36mimport[39m { getCachedBlogBySlug[33m,[39m getBlogTags } [36mfrom[39m [32m"@/lib/db/queries/blogs"[39m[33m;[39m
 [90m   |[39m [31m[1m^[22m[39m[31m[1m^[22m[39m[31m[1m^[22m[39m[31m[1m^[22m[39m[31m[1m^[22m[39m[31m[1m^[22m[39m[31m[1m^[22m[39m[31m[1m^[22m[39m[31m[1m^[22m[39m[31m[1m^[22m[39m[31m[1m^[22m[39m[31m[1m^[22m[39m[31m[1m^[22m[39m[31m[1m^[22m[39m[31m[1m^[22m[39m[31m[1m^[22m[39m[31m[1m^[22m[39m[31m[1m^[22m[39m[31m[1m^[22m[39m[31m[1m^[22m[39m[31m[1m^[22m[39m[31m[1m^[22m[39m[31m[1m^[22m[39m[31m[1m^[22m[39m[31m[1m^[22m[39m[31m[1m^[22m[39m[31m[1m^[22m[39m[31m[1m^[22m[39m[31m[1m^[22m[39m[31m[1m^[22m[39m[31m[1m^[22m[39m[31m[1m^[22m[39m[31m[1m^[22m[39m[31m[1m^[22m[39m[31m[1m^[22m[39m[31m[1m^[22m[39m[31m[1m^[22m[39m[31m[1m^[22m[39m[31m[1m^[22m[39m[31m[1m^[22m[39m[31m[1m^[22m[39m[31m[1m^[22m[39m[31m[1m^[22m[39m[31m[1m^[22m[39m[31m[1m^[22m[39m[31m[1m^[22m[39m[31m[1m^[22m[39m[31m[1m^[22m[39m[31m[1m^[22m[39m[31m[1m^[22m[39m[31m[1m^[22m[39m[31m[1m^[22m[39m[31m[1m^[22m[39m[31m[1m^[22m[39m[31m[1m^[22m[39m[31m[1m^[22m[39m[31m[1m^[22m[39m[31m[1m^[22m[39m[31m[1m^[22m[39m[31m[1m^[22m[39m[31m[1m^[22m[39m[31m[1m^[22m[39m[31m[1m^[22m[39m[31m[1m^[22m[39m[31m[1m^[22m[39m[31m[1m^[22m[39m[31m[1m^[22m[39m[31m[1m^[22m[39m[31m[1m^[22m[39m[31m[1m^[22m[39m[31m[1m^[22m[39m[31m[1m^[22m[39m[31m[1m^[22m[39m[31m[1m^[22m[39m
 [90m 4 |[39m [36mimport[39m { getProcessedMDX } [36mfrom[39m [32m"@/lib/mdx"[39m[33m;[39m
 [90m 5 |[39m
 [90m 6 |[39m [36mexport[39m [36masync[39m [36mfunction[39m generateMetadata({ params }) {[0m



https://nextjs.org/docs/messages/module-not-found


./app/(public)/blogs/page.jsx:3:1
Module not found: Can't resolve '@/lib/db/queries/blogs'
[0m [90m 1 |[39m [36mimport[39m [33mBlogGrid[39m [36mfrom[39m [32m"@/components/blogs/BlogGrid"[39m[33m;[39m
 [90m 2 |[39m [36mimport[39m [33mBlogCard[39m [36mfrom[39m [32m"@/components/blogs/BlogCard"[39m[33m;[39m
[31m[1m>[22m[39m[90m 3 |[39m [36mimport[39m { getCachedPublishedBlogs[33m,[39m getAllBlogTags } [36mfrom[39m [32m"@/lib/db/queries/blogs"[39m[33m;[39m
 [90m   |[39m [31m[1m^[22m[39m[31m[1m^[22m[39m[31m[1m^[22m[39m[31m[1m^[22m[39m[31m[1m^[22m[39m[31m[1m^[22m[39m[31m[1m^[22m[39m[31m[1m^[22m[39m[31m[1m^[22m[39m[31m[1m^[22m[39m[31m[1m^[22m[39m[31m[1m^[22m[39m[31m[1m^[22m[39m[31m[1m^[22m[39m[31m[1m^[22m[39m[31m[1m^[22m[39m[31m[1m^[22m[39m[31m[1m^[22m[39m[31m[1m^[22m[39m[31m[1m^[22m[39m[31m[1m^[22m[39m[31m[1m^[22m[39m[31m[1m^[22m[39m[31m[1m^[22m[39m[31m[1m^[22m[39m[31m[1m^[22m[39m[31m[1m^[22m[39m[31m[1m^[22m[39m[31m[1m^[22m[39m[31m[1m^[22m[39m[31m[1m^[22m[39m[31m[1m^[22m[39m[31m[1m^[22m[39m[31m[1m^[22m[39m[31m[1m^[22m[39m[31m[1m^[22m[39m[31m[1m^[22m[39m[31m[1m^[22m[39m[31m[1m^[22m[39m[31m[1m^[22m[39m[31m[1m^[22m[39m[31m[1m^[22m[39m[31m[1m^[22m[39m[31m[1m^[22m[39m[31m[1m^[22m[39m[31m[1m^[22m[39m[31m[1m^[22m[39m[31m[1m^[22m[39m[31m[1m^[22m[39m[31m[1m^[22m[39m[31m[1m^[22m[39m[31m[1m^[22m[39m[31m[1m^[22m[39m[31m[1m^[22m[39m[31m[1m^[22m[39m[31m[1m^[22m[39m[31m[1m^[22m[39m[31m[1m^[22m[39m[31m[1m^[22m[39m[31m[1m^[22m[39m[31m[1m^[22m[39m[31m[1m^[22m[39m[31m[1m^[22m[39m[31m[1m^[22m[39m[31m[1m^[22m[39m[31m[1m^[22m[39m[31m[1m^[22m[39m[31m[1m^[22m[39m[31m[1m^[22m[39m[31m[1m^[22m[39m[31m[1m^[22m[39m[31m[1m^[22m[39m[31m[1m^[22m[39m[31m[1m^[22m[39m[31m[1m^[22m[39m[31m[1m^[22m[39m[31m[1m^[22m[39m[31m[1m^[22m[39m[31m[1m^[22m[39m[31m[1m^[22m[39m[31m[1m^[22m[39m
 [90m 4 |[39m
 [90m 5 |[39m [36mexport[39m [36mconst[39m metadata [33m=[39m {
 [90m 6 |[39m   title[33m:[39m [32m"Technical Blog"[39m[33m,[39m[0m



https://nextjs.org/docs/messages/module-not-found


./app/(public)/page.jsx:12:1
Module not found: Can't resolve '@/lib/db/queries/blogs'
[0m [90m 10 |[39m
 [90m 11 |[39m [36mimport[39m { getCachedRecentDocs } [36mfrom[39m [32m"@/lib/db/queries/docs"[39m[33m;[39m
[31m[1m>[22m[39m[90m 12 |[39m [36mimport[39m { getCachedPublishedBlogs } [36mfrom[39m [32m"@/lib/db/queries/blogs"[39m[33m;[39m
 [90m    |[39m [31m[1m^[22m[39m[31m[1m^[22m[39m[31m[1m^[22m[39m[31m[1m^[22m[39m[31m[1m^[22m[39m[31m[1m^[22m[39m[31m[1m^[22m[39m[31m[1m^[22m[39m[31m[1m^[22m[39m[31m[1m^[22m[39m[31m[1m^[22m[39m[31m[1m^[22m[39m[31m[1m^[22m[39m[31m[1m^[22m[39m[31m[1m^[22m[39m[31m[1m^[22m[39m[31m[1m^[22m[39m[31m[1m^[22m[39m[31m[1m^[22m[39m[31m[1m^[22m[39m[31m[1m^[22m[39m[31m[1m^[22m[39m[31m[1m^[22m[39m[31m[1m^[22m[39m[31m[1m^[22m[39m[31m[1m^[22m[39m[31m[1m^[22m[39m[31m[1m^[22m[39m[31m[1m^[22m[39m[31m[1m^[22m[39m[31m[1m^[22m[39m[31m[1m^[22m[39m[31m[1m^[22m[39m[31m[1m^[22m[39m[31m[1m^[22m[39m[31m[1m^[22m[39m[31m[1m^[22m[39m[31m[1m^[22m[39m[31m[1m^[22m[39m[31m[1m^[22m[39m[31m[1m^[22m[39m[31m[1m^[22m[39m[31m[1m^[22m[39m[31m[1m^[22m[39m[31m[1m^[22m[39m[31m[1m^[22m[39m[31m[1m^[22m[39m[31m[1m^[22m[39m[31m[1m^[22m[39m[31m[1m^[22m[39m[31m[1m^[22m[39m[31m[1m^[22m[39m[31m[1m^[22m[39m[31m[1m^[22m[39m[31m[1m^[22m[39m[31m[1m^[22m[39m[31m[1m^[22m[39m[31m[1m^[22m[39m[31m[1m^[22m[39m[31m[1m^[22m[39m[31m[1m^[22m[39m[31m[1m^[22m[39m[31m[1m^[22m[39m[31m[1m^[22m[39m[31m[1m^[22m[39m
 [90m 13 |[39m
 [90m 14 |[39m [36mexport[39m [36mdefault[39m [36masync[39m [36mfunction[39m [33mHomePage[39m() {
 [90m 15 |[39m   [36mconst[39m recentDocs [33m=[39m [36mawait[39m getCachedRecentDocs([35m6[39m)[33m;[39m[0m



https://nextjs.org/docs/messages/module-not-found


./app/api/blogs/[slug]/route.js:2:1
Module not found: Can't resolve '@/lib/db/queries/blogs'
[0m [90m 1 |[39m [36mimport[39m { [33mNextResponse[39m } [36mfrom[39m [32m"next/server"[39m[33m;[39m
[31m[1m>[22m[39m[90m 2 |[39m [36mimport[39m { getCachedBlogBySlug[33m,[39m getBlogTags } [36mfrom[39m [32m"@/lib/db/queries/blogs"[39m[33m;[39m
 [90m   |[39m [31m[1m^[22m[39m[31m[1m^[22m[39m[31m[1m^[22m[39m[31m[1m^[22m[39m[31m[1m^[22m[39m[31m[1m^[22m[39m[31m[1m^[22m[39m[31m[1m^[22m[39m[31m[1m^[22m[39m[31m[1m^[22m[39m[31m[1m^[22m[39m[31m[1m^[22m[39m[31m[1m^[22m[39m[31m[1m^[22m[39m[31m[1m^[22m[39m[31m[1m^[22m[39m[31m[1m^[22m[39m[31m[1m^[22m[39m[31m[1m^[22m[39m[31m[1m^[22m[39m[31m[1m^[22m[39m[31m[1m^[22m[39m[31m[1m^[22m[39m[31m[1m^[22m[39m[31m[1m^[22m[39m[31m[1m^[22m[39m[31m[1m^[22m[39m[31m[1m^[22m[39m[31m[1m^[22m[39m[31m[1m^[22m[39m[31m[1m^[22m[39m[31m[1m^[22m[39m[31m[1m^[22m[39m[31m[1m^[22m[39m[31m[1m^[22m[39m[31m[1m^[22m[39m[31m[1m^[22m[39m[31m[1m^[22m[39m[31m[1m^[22m[39m[31m[1m^[22m[39m[31m[1m^[22m[39m[31m[1m^[22m[39m[31m[1m^[22m[39m[31m[1m^[22m[39m[31m[1m^[22m[39m[31m[1m^[22m[39m[31m[1m^[22m[39m[31m[1m^[22m[39m[31m[1m^[22m[39m[31m[1m^[22m[39m[31m[1m^[22m[39m[31m[1m^[22m[39m[31m[1m^[22m[39m[31m[1m^[22m[39m[31m[1m^[22m[39m[31m[1m^[22m[39m[31m[1m^[22m[39m[31m[1m^[22m[39m[31m[1m^[22m[39m[31m[1m^[22m[39m[31m[1m^[22m[39m[31m[1m^[22m[39m[31m[1m^[22m[39m[31m[1m^[22m[39m[31m[1m^[22m[39m[31m[1m^[22m[39m[31m[1m^[22m[39m[31m[1m^[22m[39m[31m[1m^[22m[39m[31m[1m^[22m[39m[31m[1m^[22m[39m[31m[1m^[22m[39m[31m[1m^[22m[39m[31m[1m^[22m[39m
 [90m 3 |[39m [36mimport[39m { withCacheHeaders } [36mfrom[39m [32m"@/lib/cache/headers"[39m[33m;[39m
 [90m 4 |[39m
 [90m 5 |[39m [36mexport[39m [36masync[39m [36mfunction[39m [33mGET[39m(req[33m,[39m { params }) {[0m



https://nextjs.org/docs/messages/module-not-found


./app/api/blogs/route.js:2:1
Module not found: Can't resolve '@/lib/db/queries/blogs'
[0m [90m 1 |[39m [36mimport[39m { [33mNextResponse[39m } [36mfrom[39m [32m"next/server"[39m[33m;[39m
[31m[1m>[22m[39m[90m 2 |[39m [36mimport[39m { getCachedPublishedBlogs[33m,[39m getAllBlogTags } [36mfrom[39m [32m"@/lib/db/queries/blogs"[39m[33m;[39m
 [90m   |[39m [31m[1m^[22m[39m[31m[1m^[22m[39m[31m[1m^[22m[39m[31m[1m^[22m[39m[31m[1m^[22m[39m[31m[1m^[22m[39m[31m[1m^[22m[39m[31m[1m^[22m[39m[31m[1m^[22m[39m[31m[1m^[22m[39m[31m[1m^[22m[39m[31m[1m^[22m[39m[31m[1m^[22m[39m[31m[1m^[22m[39m[31m[1m^[22m[39m[31m[1m^[22m[39m[31m[1m^[22m[39m[31m[1m^[22m[39m[31m[1m^[22m[39m[31m[1m^[22m[39m[31m[1m^[22m[39m[31m[1m^[22m[39m[31m[1m^[22m[39m[31m[1m^[22m[39m[31m[1m^[22m[39m[31m[1m^[22m[39m[31m[1m^[22m[39m[31m[1m^[22m[39m[31m[1m^[22m[39m[31m[1m^[22m[39m[31m[1m^[22m[39m[31m[1m^[22m[39m[31m[1m^[22m[39m[31m[1m^[22m[39m[31m[1m^[22m[39m[31m[1m^[22m[39m[31m[1m^[22m[39m[31m[1m^[22m[39m[31m[1m^[22m[39m[31m[1m^[22m[39m[31m[1m^[22m[39m[31m[1m^[22m[39m[31m[1m^[22m[39m[31m[1m^[22m[39m[31m[1m^[22m[39m[31m[1m^[22m[39m[31m[1m^[22m[39m[31m[1m^[22m[39m[31m[1m^[22m[39m[31m[1m^[22m[39m[31m[1m^[22m[39m[31m[1m^[22m[39m[31m[1m^[22m[39m[31m[1m^[22m[39m[31m[1m^[22m[39m[31m[1m^[22m[39m[31m[1m^[22m[39m[31m[1m^[22m[39m[31m[1m^[22m[39m[31m[1m^[22m[39m[31m[1m^[22m[39m[31m[1m^[22m[39m[31m[1m^[22m[39m[31m[1m^[22m[39m[31m[1m^[22m[39m[31m[1m^[22m[39m[31m[1m^[22m[39m[31m[1m^[22m[39m[31m[1m^[22m[39m[31m[1m^[22m[39m[31m[1m^[22m[39m[31m[1m^[22m[39m[31m[1m^[22m[39m[31m[1m^[22m[39m[31m[1m^[22m[39m[31m[1m^[22m[39m[31m[1m^[22m[39m[31m[1m^[22m[39m[31m[1m^[22m[39m[31m[1m^[22m[39m[31m[1m^[22m[39m
 [90m 3 |[39m [36mimport[39m { withCacheHeaders } [36mfrom[39m [32m"@/lib/cache/headers"[39m[33m;[39m
 [90m 4 |[39m
 [90m 5 |[39m [36mexport[39m [36masync[39m [36mfunction[39m [33mGET[39m(req) {[0m



https://nextjs.org/docs/messages/module-not-found


./app/api/search/route.js:8:1
Module not found: Can't resolve '@/lib/db/queries/blogs'
[0m [90m  6 |[39m [36mimport[39m { getCachedAllDocs } [36mfrom[39m [32m"@/lib/db/queries/docs"[39m[33m;[39m
 [90m  7 |[39m [36mimport[39m { getCachedAllNotes } [36mfrom[39m [32m"@/lib/db/queries/notes"[39m[33m;[39m
[31m[1m>[22m[39m[90m  8 |[39m [36mimport[39m { getCachedPublishedBlogs } [36mfrom[39m [32m"@/lib/db/queries/blogs"[39m[33m;[39m
 [90m    |[39m [31m[1m^[22m[39m[31m[1m^[22m[39m[31m[1m^[22m[39m[31m[1m^[22m[39m[31m[1m^[22m[39m[31m[1m^[22m[39m[31m[1m^[22m[39m[31m[1m^[22m[39m[31m[1m^[22m[39m[31m[1m^[22m[39m[31m[1m^[22m[39m[31m[1m^[22m[39m[31m[1m^[22m[39m[31m[1m^[22m[39m[31m[1m^[22m[39m[31m[1m^[22m[39m[31m[1m^[22m[39m[31m[1m^[22m[39m[31m[1m^[22m[39m[31m[1m^[22m[39m[31m[1m^[22m[39m[31m[1m^[22m[39m[31m[1m^[22m[39m[31m[1m^[22m[39m[31m[1m^[22m[39m[31m[1m^[22m[39m[31m[1m^[22m[39m[31m[1m^[22m[39m[31m[1m^[22m[39m[31m[1m^[22m[39m[31m[1m^[22m[39m[31m[1m^[22m[39m[31m[1m^[22m[39m[31m[1m^[22m[39m[31m[1m^[22m[39m[31m[1m^[22m[39m[31m[1m^[22m[39m[31m[1m^[22m[39m[31m[1m^[22m[39m[31m[1m^[22m[39m[31m[1m^[22m[39m[31m[1m^[22m[39m[31m[1m^[22m[39m[31m[1m^[22m[39m[31m[1m^[22m[39m[31m[1m^[22m[39m[31m[1m^[22m[39m[31m[1m^[22m[39m[31m[1m^[22m[39m[31m[1m^[22m[39m[31m[1m^[22m[39m[31m[1m^[22m[39m[31m[1m^[22m[39m[31m[1m^[22m[39m[31m[1m^[22m[39m[31m[1m^[22m[39m[31m[1m^[22m[39m[31m[1m^[22m[39m[31m[1m^[22m[39m[31m[1m^[22m[39m[31m[1m^[22m[39m[31m[1m^[22m[39m[31m[1m^[22m[39m[31m[1m^[22m[39m[31m[1m^[22m[39m
 [90m  9 |[39m [36mimport[39m [33mFuse[39m [36mfrom[39m [32m"fuse.js"[39m[33m;[39m
 [90m 10 |[39m
 [90m 11 |[39m [36mfunction[39m buildFullPath(nodeId[33m,[39m allNodesMap) {[0m



https://nextjs.org/docs/messages/module-not-found


./app/(public)/docs/[...slug]/page.jsx:6:1
Module not found: Can't resolve '@/lib/db/queries/docs'
[0m [90m 4 |[39m [36mimport[39m [33mDocViewer[39m [36mfrom[39m [32m"@/components/docs/DocViewer"[39m[33m;[39m
 [90m 5 |[39m [36mimport[39m [33mTableOfContents[39m [36mfrom[39m [32m"@/components/docs/TableOfContents"[39m[33m;[39m
[31m[1m>[22m[39m[90m 6 |[39m [36mimport[39m { getCachedAllDocs } [36mfrom[39m [32m"@/lib/db/queries/docs"[39m[33m;[39m
 [90m   |[39m [31m[1m^[22m[39m[31m[1m^[22m[39m[31m[1m^[22m[39m[31m[1m^[22m[39m[31m[1m^[22m[39m[31m[1m^[22m[39m[31m[1m^[22m[39m[31m[1m^[22m[39m[31m[1m^[22m[39m[31m[1m^[22m[39m[31m[1m^[22m[39m[31m[1m^[22m[39m[31m[1m^[22m[39m[31m[1m^[22m[39m[31m[1m^[22m[39m[31m[1m^[22m[39m[31m[1m^[22m[39m[31m[1m^[22m[39m[31m[1m^[22m[39m[31m[1m^[22m[39m[31m[1m^[22m[39m[31m[1m^[22m[39m[31m[1m^[22m[39m[31m[1m^[22m[39m[31m[1m^[22m[39m[31m[1m^[22m[39m[31m[1m^[22m[39m[31m[1m^[22m[39m[31m[1m^[22m[39m[31m[1m^[22m[39m[31m[1m^[22m[39m[31m[1m^[22m[39m[31m[1m^[22m[39m[31m[1m^[22m[39m[31m[1m^[22m[39m[31m[1m^[22m[39m[31m[1m^[22m[39m[31m[1m^[22m[39m[31m[1m^[22m[39m[31m[1m^[22m[39m[31m[1m^[22m[39m[31m[1m^[22m[39m[31m[1m^[22m[39m[31m[1m^[22m[39m[31m[1m^[22m[39m[31m[1m^[22m[39m[31m[1m^[22m[39m[31m[1m^[22m[39m[31m[1m^[22m[39m[31m[1m^[22m[39m[31m[1m^[22m[39m[31m[1m^[22m[39m[31m[1m^[22m[39m[31m[1m^[22m[39m[31m[1m^[22m[39m[31m[1m^[22m[39m[31m[1m^[22m[39m
 [90m 7 |[39m [36mimport[39m { getProcessedMDX } [36mfrom[39m [32m"@/lib/mdx"[39m[33m;[39m
 [90m 8 |[39m [36mimport[39m [33mDocsList[39m [36mfrom[39m [32m"@/components/docs/DocsList"[39m[33m;[39m
 [90m 9 |[39m [36mimport[39m [33mShareButtons[39m [36mfrom[39m [32m"@/components/shared/ShareButtons"[39m[33m;[39m[0m



https://nextjs.org/docs/messages/module-not-found


./app/(public)/docs/layout.jsx:1:1
Module not found: Can't resolve '@/lib/db/queries/docs'
[0m[31m[1m>[22m[39m[90m 1 |[39m [36mimport[39m { getCachedAllDocs } [36mfrom[39m [32m"@/lib/db/queries/docs"[39m[33m;[39m
 [90m   |[39m [31m[1m^[22m[39m[31m[1m^[22m[39m[31m[1m^[22m[39m[31m[1m^[22m[39m[31m[1m^[22m[39m[31m[1m^[22m[39m[31m[1m^[22m[39m[31m[1m^[22m[39m[31m[1m^[22m[39m[31m[1m^[22m[39m[31m[1m^[22m[39m[31m[1m^[22m[39m[31m[1m^[22m[39m[31m[1m^[22m[39m[31m[1m^[22m[39m[31m[1m^[22m[39m[31m[1m^[22m[39m[31m[1m^[22m[39m[31m[1m^[22m[39m[31m[1m^[22m[39m[31m[1m^[22m[39m[31m[1m^[22m[39m[31m[1m^[22m[39m[31m[1m^[22m[39m[31m[1m^[22m[39m[31m[1m^[22m[39m[31m[1m^[22m[39m[31m[1m^[22m[39m[31m[1m^[22m[39m[31m[1m^[22m[39m[31m[1m^[22m[39m[31m[1m^[22m[39m[31m[1m^[22m[39m[31m[1m^[22m[39m[31m[1m^[22m[39m[31m[1m^[22m[39m[31m[1m^[22m[39m[31m[1m^[22m[39m[31m[1m^[22m[39m[31m[1m^[22m[39m[31m[1m^[22m[39m[31m[1m^[22m[39m[31m[1m^[22m[39m[31m[1m^[22m[39m[31m[1m^[22m[39m[31m[1m^[22m[39m[31m[1m^[22m[39m[31m[1m^[22m[39m[31m[1m^[22m[39m[31m[1m^[22m[39m[31m[1m^[22m[39m[31m[1m^[22m[39m[31m[1m^[22m[39m[31m[1m^[22m[39m[31m[1m^[22m[39m[31m[1m^[22m[39m[31m[1m^[22m[39m
 [90m 2 |[39m [36mimport[39m [33mDocSidebarWrapper[39m [36mfrom[39m [32m"@/components/docs/DocSidebarWrapper"[39m[33m;[39m
 [90m 3 |[39m
 [90m 4 |[39m [36mexport[39m [36mdefault[39m [36masync[39m [36mfunction[39m [33mDocsLayout[39m({ children }) {[0m



https://nextjs.org/docs/messages/module-not-found


./app/(public)/docs/page.jsx:1:1
Module not found: Can't resolve '@/lib/db/queries/docs'
[0m[31m[1m>[22m[39m[90m 1 |[39m [36mimport[39m { getCachedAllDocs } [36mfrom[39m [32m"@/lib/db/queries/docs"[39m[33m;[39m
 [90m   |[39m [31m[1m^[22m[39m[31m[1m^[22m[39m[31m[1m^[22m[39m[31m[1m^[22m[39m[31m[1m^[22m[39m[31m[1m^[22m[39m[31m[1m^[22m[39m[31m[1m^[22m[39m[31m[1m^[22m[39m[31m[1m^[22m[39m[31m[1m^[22m[39m[31m[1m^[22m[39m[31m[1m^[22m[39m[31m[1m^[22m[39m[31m[1m^[22m[39m[31m[1m^[22m[39m[31m[1m^[22m[39m[31m[1m^[22m[39m[31m[1m^[22m[39m[31m[1m^[22m[39m[31m[1m^[22m[39m[31m[1m^[22m[39m[31m[1m^[22m[39m[31m[1m^[22m[39m[31m[1m^[22m[39m[31m[1m^[22m[39m[31m[1m^[22m[39m[31m[1m^[22m[39m[31m[1m^[22m[39m[31m[1m^[22m[39m[31m[1m^[22m[39m[31m[1m^[22m[39m[31m[1m^[22m[39m[31m[1m^[22m[39m[31m[1m^[22m[39m[31m[1m^[22m[39m[31m[1m^[22m[39m[31m[1m^[22m[39m[31m[1m^[22m[39m[31m[1m^[22m[39m[31m[1m^[22m[39m[31m[1m^[22m[39m[31m[1m^[22m[39m[31m[1m^[22m[39m[31m[1m^[22m[39m[31m[1m^[22m[39m[31m[1m^[22m[39m[31m[1m^[22m[39m[31m[1m^[22m[39m[31m[1m^[22m[39m[31m[1m^[22m[39m[31m[1m^[22m[39m[31m[1m^[22m[39m[31m[1m^[22m[39m[31m[1m^[22m[39m[31m[1m^[22m[39m[31m[1m^[22m[39m
 [90m 2 |[39m [36mimport[39m [33mDocsList[39m [36mfrom[39m [32m"@/components/docs/DocsList"[39m[33m;[39m
 [90m 3 |[39m
 [90m 4 |[39m [36mexport[39m [36mconst[39m metadata [33m=[39m {[0m



https://nextjs.org/docs/messages/module-not-found


./app/(public)/page.jsx:11:1
Module not found: Can't resolve '@/lib/db/queries/docs'
[0m [90m  9 |[39m }[33m;[39m
 [90m 10 |[39m
[31m[1m>[22m[39m[90m 11 |[39m [36mimport[39m { getCachedRecentDocs } [36mfrom[39m [32m"@/lib/db/queries/docs"[39m[33m;[39m
 [90m    |[39m [31m[1m^[22m[39m[31m[1m^[22m[39m[31m[1m^[22m[39m[31m[1m^[22m[39m[31m[1m^[22m[39m[31m[1m^[22m[39m[31m[1m^[22m[39m[31m[1m^[22m[39m[31m[1m^[22m[39m[31m[1m^[22m[39m[31m[1m^[22m[39m[31m[1m^[22m[39m[31m[1m^[22m[39m[31m[1m^[22m[39m[31m[1m^[22m[39m[31m[1m^[22m[39m[31m[1m^[22m[39m[31m[1m^[22m[39m[31m[1m^[22m[39m[31m[1m^[22m[39m[31m[1m^[22m[39m[31m[1m^[22m[39m[31m[1m^[22m[39m[31m[1m^[22m[39m[31m[1m^[22m[39m[31m[1m^[22m[39m[31m[1m^[22m[39m[31m[1m^[22m[39m[31m[1m^[22m[39m[31m[1m^[22m[39m[31m[1m^[22m[39m[31m[1m^[22m[39m[31m[1m^[22m[39m[31m[1m^[22m[39m[31m[1m^[22m[39m[31m[1m^[22m[39m[31m[1m^[22m[39m[31m[1m^[22m[39m[31m[1m^[22m[39m[31m[1m^[22m[39m[31m[1m^[22m[39m[31m[1m^[22m[39m[31m[1m^[22m[39m[31m[1m^[22m[39m[31m[1m^[22m[39m[31m[1m^[22m[39m[31m[1m^[22m[39m[31m[1m^[22m[39m[31m[1m^[22m[39m[31m[1m^[22m[39m[31m[1m^[22m[39m[31m[1m^[22m[39m[31m[1m^[22m[39m[31m[1m^[22m[39m[31m[1m^[22m[39m[31m[1m^[22m[39m[31m[1m^[22m[39m[31m[1m^[22m[39m[31m[1m^[22m[39m[31m[1m^[22m[39m
 [90m 12 |[39m [36mimport[39m { getCachedPublishedBlogs } [36mfrom[39m [32m"@/lib/db/queries/blogs"[39m[33m;[39m
 [90m 13 |[39m
 [90m 14 |[39m [36mexport[39m [36mdefault[39m [36masync[39m [36mfunction[39m [33mHomePage[39m() {[0m



https://nextjs.org/docs/messages/module-not-found


./app/(public)/pdf/[...slug]/route.js:2:1
Module not found: Can't resolve '@/lib/db/queries/docs'
[0m [90m 1 |[39m [36mimport[39m { [33mNextResponse[39m } [36mfrom[39m [32m"next/server"[39m[33m;[39m
[31m[1m>[22m[39m[90m 2 |[39m [36mimport[39m { getCachedAllDocs } [36mfrom[39m [32m"@/lib/db/queries/docs"[39m[33m;[39m
 [90m   |[39m [31m[1m^[22m[39m[31m[1m^[22m[39m[31m[1m^[22m[39m[31m[1m^[22m[39m[31m[1m^[22m[39m[31m[1m^[22m[39m[31m[1m^[22m[39m[31m[1m^[22m[39m[31m[1m^[22m[39m[31m[1m^[22m[39m[31m[1m^[22m[39m[31m[1m^[22m[39m[31m[1m^[22m[39m[31m[1m^[22m[39m[31m[1m^[22m[39m[31m[1m^[22m[39m[31m[1m^[22m[39m[31m[1m^[22m[39m[31m[1m^[22m[39m[31m[1m^[22m[39m[31m[1m^[22m[39m[31m[1m^[22m[39m[31m[1m^[22m[39m[31m[1m^[22m[39m[31m[1m^[22m[39m[31m[1m^[22m[39m[31m[1m^[22m[39m[31m[1m^[22m[39m[31m[1m^[22m[39m[31m[1m^[22m[39m[31m[1m^[22m[39m[31m[1m^[22m[39m[31m[1m^[22m[39m[31m[1m^[22m[39m[31m[1m^[22m[39m[31m[1m^[22m[39m[31m[1m^[22m[39m[31m[1m^[22m[39m[31m[1m^[22m[39m[31m[1m^[22m[39m[31m[1m^[22m[39m[31m[1m^[22m[39m[31m[1m^[22m[39m[31m[1m^[22m[39m[31m[1m^[22m[39m[31m[1m^[22m[39m[31m[1m^[22m[39m[31m[1m^[22m[39m[31m[1m^[22m[39m[31m[1m^[22m[39m[31m[1m^[22m[39m[31m[1m^[22m[39m[31m[1m^[22m[39m[31m[1m^[22m[39m[31m[1m^[22m[39m[31m[1m^[22m[39m[31m[1m^[22m[39m
 [90m 3 |[39m
 [90m 4 |[39m [36mexport[39m [36masync[39m [36mfunction[39m [33mGET[39m(request[33m,[39m { params }) {
 [90m 5 |[39m   [36mtry[39m {[0m



https://nextjs.org/docs/messages/module-not-found


./app/api/docs/recent/route.js:2:1
Module not found: Can't resolve '@/lib/db/queries/docs'
[0m [90m 1 |[39m [36mimport[39m { [33mNextResponse[39m } [36mfrom[39m [32m"next/server"[39m[33m;[39m
[31m[1m>[22m[39m[90m 2 |[39m [36mimport[39m { getCachedRecentDocs[33m,[39m getCachedAllDocs } [36mfrom[39m [32m"@/lib/db/queries/docs"[39m[33m;[39m
 [90m   |[39m [31m[1m^[22m[39m[31m[1m^[22m[39m[31m[1m^[22m[39m[31m[1m^[22m[39m[31m[1m^[22m[39m[31m[1m^[22m[39m[31m[1m^[22m[39m[31m[1m^[22m[39m[31m[1m^[22m[39m[31m[1m^[22m[39m[31m[1m^[22m[39m[31m[1m^[22m[39m[31m[1m^[22m[39m[31m[1m^[22m[39m[31m[1m^[22m[39m[31m[1m^[22m[39m[31m[1m^[22m[39m[31m[1m^[22m[39m[31m[1m^[22m[39m[31m[1m^[22m[39m[31m[1m^[22m[39m[31m[1m^[22m[39m[31m[1m^[22m[39m[31m[1m^[22m[39m[31m[1m^[22m[39m[31m[1m^[22m[39m[31m[1m^[22m[39m[31m[1m^[22m[39m[31m[1m^[22m[39m[31m[1m^[22m[39m[31m[1m^[22m[39m[31m[1m^[22m[39m[31m[1m^[22m[39m[31m[1m^[22m[39m[31m[1m^[22m[39m[31m[1m^[22m[39m[31m[1m^[22m[39m[31m[1m^[22m[39m[31m[1m^[22m[39m[31m[1m^[22m[39m[31m[1m^[22m[39m[31m[1m^[22m[39m[31m[1m^[22m[39m[31m[1m^[22m[39m[31m[1m^[22m[39m[31m[1m^[22m[39m[31m[1m^[22m[39m[31m[1m^[22m[39m[31m[1m^[22m[39m[31m[1m^[22m[39m[31m[1m^[22m[39m[31m[1m^[22m[39m[31m[1m^[22m[39m[31m[1m^[22m[39m[31m[1m^[22m[39m[31m[1m^[22m[39m[31m[1m^[22m[39m[31m[1m^[22m[39m[31m[1m^[22m[39m[31m[1m^[22m[39m[31m[1m^[22m[39m[31m[1m^[22m[39m[31m[1m^[22m[39m[31m[1m^[22m[39m[31m[1m^[22m[39m[31m[1m^[22m[39m[31m[1m^[22m[39m[31m[1m^[22m[39m[31m[1m^[22m[39m[31m[1m^[22m[39m[31m[1m^[22m[39m[31m[1m^[22m[39m[31m[1m^[22m[39m[31m[1m^[22m[39m[31m[1m^[22m[39m[31m[1m^[22m[39m[31m[1m^[22m[39m[31m[1m^[22m[39m
 [90m 3 |[39m [36mimport[39m { withCacheHeaders } [36mfrom[39m [32m"@/lib/cache/headers"[39m[33m;[39m
 [90m 4 |[39m
 [90m 5 |[39m [36mexport[39m [36masync[39m [36mfunction[39m [33mGET[39m(req) {[0m



https://nextjs.org/docs/messages/module-not-found


./app/api/docs/route.js:2:1
Module not found: Can't resolve '@/lib/db/queries/docs'
[0m [90m 1 |[39m [36mimport[39m { [33mNextResponse[39m } [36mfrom[39m [32m"next/server"[39m[33m;[39m
[31m[1m>[22m[39m[90m 2 |[39m [36mimport[39m { getCachedDocsByParentSlug } [36mfrom[39m [32m"@/lib/db/queries/docs"[39m[33m;[39m
 [90m   |[39m [31m[1m^[22m[39m[31m[1m^[22m[39m[31m[1m^[22m[39m[31m[1m^[22m[39m[31m[1m^[22m[39m[31m[1m^[22m[39m[31m[1m^[22m[39m[31m[1m^[22m[39m[31m[1m^[22m[39m[31m[1m^[22m[39m[31m[1m^[22m[39m[31m[1m^[22m[39m[31m[1m^[22m[39m[31m[1m^[22m[39m[31m[1m^[22m[39m[31m[1m^[22m[39m[31m[1m^[22m[39m[31m[1m^[22m[39m[31m[1m^[22m[39m[31m[1m^[22m[39m[31m[1m^[22m[39m[31m[1m^[22m[39m[31m[1m^[22m[39m[31m[1m^[22m[39m[31m[1m^[22m[39m[31m[1m^[22m[39m[31m[1m^[22m[39m[31m[1m^[22m[39m[31m[1m^[22m[39m[31m[1m^[22m[39m[31m[1m^[22m[39m[31m[1m^[22m[39m[31m[1m^[22m[39m[31m[1m^[22m[39m[31m[1m^[22m[39m[31m[1m^[22m[39m[31m[1m^[22m[39m[31m[1m^[22m[39m[31m[1m^[22m[39m[31m[1m^[22m[39m[31m[1m^[22m[39m[31m[1m^[22m[39m[31m[1m^[22m[39m[31m[1m^[22m[39m[31m[1m^[22m[39m[31m[1m^[22m[39m[31m[1m^[22m[39m[31m[1m^[22m[39m[31m[1m^[22m[39m[31m[1m^[22m[39m[31m[1m^[22m[39m[31m[1m^[22m[39m[31m[1m^[22m[39m[31m[1m^[22m[39m[31m[1m^[22m[39m[31m[1m^[22m[39m[31m[1m^[22m[39m[31m[1m^[22m[39m[31m[1m^[22m[39m[31m[1m^[22m[39m[31m[1m^[22m[39m[31m[1m^[22m[39m[31m[1m^[22m[39m[31m[1m^[22m[39m[31m[1m^[22m[39m[31m[1m^[22m[39m
 [90m 3 |[39m [36mimport[39m { withCacheHeaders } [36mfrom[39m [32m"@/lib/cache/headers"[39m[33m;[39m
 [90m 4 |[39m
 [90m 5 |[39m [36mexport[39m [36masync[39m [36mfunction[39m [33mGET[39m(req) {[0m



https://nextjs.org/docs/messages/module-not-found


./app/api/search/route.js:6:1
Module not found: Can't resolve '@/lib/db/queries/docs'
[0m [90m 4 |[39m [36mimport[39m { eq[33m,[39m and[33m,[39m ilike[33m,[39m or } [36mfrom[39m [32m"drizzle-orm"[39m[33m;[39m
 [90m 5 |[39m [36mimport[39m { cached } [36mfrom[39m [32m"@/lib/cache/lru"[39m[33m;[39m
[31m[1m>[22m[39m[90m 6 |[39m [36mimport[39m { getCachedAllDocs } [36mfrom[39m [32m"@/lib/db/queries/docs"[39m[33m;[39m
 [90m   |[39m [31m[1m^[22m[39m[31m[1m^[22m[39m[31m[1m^[22m[39m[31m[1m^[22m[39m[31m[1m^[22m[39m[31m[1m^[22m[39m[31m[1m^[22m[39m[31m[1m^[22m[39m[31m[1m^[22m[39m[31m[1m^[22m[39m[31m[1m^[22m[39m[31m[1m^[22m[39m[31m[1m^[22m[39m[31m[1m^[22m[39m[31m[1m^[22m[39m[31m[1m^[22m[39m[31m[1m^[22m[39m[31m[1m^[22m[39m[31m[1m^[22m[39m[31m[1m^[22m[39m[31m[1m^[22m[39m[31m[1m^[22m[39m[31m[1m^[22m[39m[31m[1m^[22m[39m[31m[1m^[22m[39m[31m[1m^[22m[39m[31m[1m^[22m[39m[31m[1m^[22m[39m[31m[1m^[22m[39m[31m[1m^[22m[39m[31m[1m^[22m[39m[31m[1m^[22m[39m[31m[1m^[22m[39m[31m[1m^[22m[39m[31m[1m^[22m[39m[31m[1m^[22m[39m[31m[1m^[22m[39m[31m[1m^[22m[39m[31m[1m^[22m[39m[31m[1m^[22m[39m[31m[1m^[22m[39m[31m[1m^[22m[39m[31m[1m^[22m[39m[31m[1m^[22m[39m[31m[1m^[22m[39m[31m[1m^[22m[39m[31m[1m^[22m[39m[31m[1m^[22m[39m[31m[1m^[22m[39m[31m[1m^[22m[39m[31m[1m^[22m[39m[31m[1m^[22m[39m[31m[1m^[22m[39m[31m[1m^[22m[39m[31m[1m^[22m[39m[31m[1m^[22m[39m[31m[1m^[22m[39m
 [90m 7 |[39m [36mimport[39m { getCachedAllNotes } [36mfrom[39m [32m"@/lib/db/queries/notes"[39m[33m;[39m
 [90m 8 |[39m [36mimport[39m { getCachedPublishedBlogs } [36mfrom[39m [32m"@/lib/db/queries/blogs"[39m[33m;[39m
 [90m 9 |[39m [36mimport[39m [33mFuse[39m [36mfrom[39m [32m"fuse.js"[39m[33m;[39m[0m



https://nextjs.org/docs/messages/module-not-found


./app/(public)/notes/[...slug]/page.jsx:5:1
Module not found: Can't resolve '@/lib/db/queries/notes'
[0m [90m 3 |[39m [36mimport[39m [33mDocViewer[39m [36mfrom[39m [32m"@/components/docs/DocViewer"[39m[33m;[39m
 [90m 4 |[39m [36mimport[39m [33mTableOfContents[39m [36mfrom[39m [32m"@/components/docs/TableOfContents"[39m[33m;[39m
[31m[1m>[22m[39m[90m 5 |[39m [36mimport[39m { getCachedNotesByParentSlug } [36mfrom[39m [32m"@/lib/db/queries/notes"[39m[33m;[39m
 [90m   |[39m [31m[1m^[22m[39m[31m[1m^[22m[39m[31m[1m^[22m[39m[31m[1m^[22m[39m[31m[1m^[22m[39m[31m[1m^[22m[39m[31m[1m^[22m[39m[31m[1m^[22m[39m[31m[1m^[22m[39m[31m[1m^[22m[39m[31m[1m^[22m[39m[31m[1m^[22m[39m[31m[1m^[22m[39m[31m[1m^[22m[39m[31m[1m^[22m[39m[31m[1m^[22m[39m[31m[1m^[22m[39m[31m[1m^[22m[39m[31m[1m^[22m[39m[31m[1m^[22m[39m[31m[1m^[22m[39m[31m[1m^[22m[39m[31m[1m^[22m[39m[31m[1m^[22m[39m[31m[1m^[22m[39m[31m[1m^[22m[39m[31m[1m^[22m[39m[31m[1m^[22m[39m[31m[1m^[22m[39m[31m[1m^[22m[39m[31m[1m^[22m[39m[31m[1m^[22m[39m[31m[1m^[22m[39m[31m[1m^[22m[39m[31m[1m^[22m[39m[31m[1m^[22m[39m[31m[1m^[22m[39m[31m[1m^[22m[39m[31m[1m^[22m[39m[31m[1m^[22m[39m[31m[1m^[22m[39m[31m[1m^[22m[39m[31m[1m^[22m[39m[31m[1m^[22m[39m[31m[1m^[22m[39m[31m[1m^[22m[39m[31m[1m^[22m[39m[31m[1m^[22m[39m[31m[1m^[22m[39m[31m[1m^[22m[39m[31m[1m^[22m[39m[31m[1m^[22m[39m[31m[1m^[22m[39m[31m[1m^[22m[39m[31m[1m^[22m[39m[31m[1m^[22m[39m[31m[1m^[22m[39m[31m[1m^[22m[39m[31m[1m^[22m[39m[31m[1m^[22m[39m[31m[1m^[22m[39m[31m[1m^[22m[39m[31m[1m^[22m[39m[31m[1m^[22m[39m[31m[1m^[22m[39m[31m[1m^[22m[39m[31m[1m^[22m[39m[31m[1m^[22m[39m
 [90m 6 |[39m [36mimport[39m { db } [36mfrom[39m [32m"@/lib/db"[39m[33m;[39m
 [90m 7 |[39m [36mimport[39m { notes } [36mfrom[39m [32m"@/lib/db/schema"[39m[33m;[39m
 [90m 8 |[39m [36mimport[39m { eq[33m,[39m and } [36mfrom[39m [32m"drizzle-orm"[39m[33m;[39m[0m



https://nextjs.org/docs/messages/module-not-found


./app/(public)/notes/page.jsx:2:1
Module not found: Can't resolve '@/lib/db/queries/notes'
[0m [90m 1 |[39m [36mimport[39m [33mNotesExplorerClient[39m [36mfrom[39m [32m"@/components/notes/NotesExplorerClient"[39m[33m;[39m
[31m[1m>[22m[39m[90m 2 |[39m [36mimport[39m { getCachedNotesByParentSlug } [36mfrom[39m [32m"@/lib/db/queries/notes"[39m[33m;[39m
 [90m   |[39m [31m[1m^[22m[39m[31m[1m^[22m[39m[31m[1m^[22m[39m[31m[1m^[22m[39m[31m[1m^[22m[39m[31m[1m^[22m[39m[31m[1m^[22m[39m[31m[1m^[22m[39m[31m[1m^[22m[39m[31m[1m^[22m[39m[31m[1m^[22m[39m[31m[1m^[22m[39m[31m[1m^[22m[39m[31m[1m^[22m[39m[31m[1m^[22m[39m[31m[1m^[22m[39m[31m[1m^[22m[39m[31m[1m^[22m[39m[31m[1m^[22m[39m[31m[1m^[22m[39m[31m[1m^[22m[39m[31m[1m^[22m[39m[31m[1m^[22m[39m[31m[1m^[22m[39m[31m[1m^[22m[39m[31m[1m^[22m[39m[31m[1m^[22m[39m[31m[1m^[22m[39m[31m[1m^[22m[39m[31m[1m^[22m[39m[31m[1m^[22m[39m[31m[1m^[22m[39m[31m[1m^[22m[39m[31m[1m^[22m[39m[31m[1m^[22m[39m[31m[1m^[22m[39m[31m[1m^[22m[39m[31m[1m^[22m[39m[31m[1m^[22m[39m[31m[1m^[22m[39m[31m[1m^[22m[39m[31m[1m^[22m[39m[31m[1m^[22m[39m[31m[1m^[22m[39m[31m[1m^[22m[39m[31m[1m^[22m[39m[31m[1m^[22m[39m[31m[1m^[22m[39m[31m[1m^[22m[39m[31m[1m^[22m[39m[31m[1m^[22m[39m[31m[1m^[22m[39m[31m[1m^[22m[39m[31m[1m^[22m[39m[31m[1m^[22m[39m[31m[1m^[22m[39m[31m[1m^[22m[39m[31m[1m^[22m[39m[31m[1m^[22m[39m[31m[1m^[22m[39m[31m[1m^[22m[39m[31m[1m^[22m[39m[31m[1m^[22m[39m[31m[1m^[22m[39m[31m[1m^[22m[39m[31m[1m^[22m[39m[31m[1m^[22m[39m[31m[1m^[22m[39m
 [90m 3 |[39m
 [90m 4 |[39m [36mexport[39m [36mconst[39m metadata [33m=[39m {
 [90m 5 |[39m   title[33m:[39m [32m"Study Notes & Resources"[39m[33m,[39m[0m



https://nextjs.org/docs/messages/module-not-found


./app/api/notes/node/route.js:2:1
Module not found: Can't resolve '@/lib/db/queries/notes'
[0m [90m 1 |[39m [36mimport[39m { [33mNextResponse[39m } [36mfrom[39m [32m"next/server"[39m[33m;[39m
[31m[1m>[22m[39m[90m 2 |[39m [36mimport[39m { getNoteBySlug } [36mfrom[39m [32m"@/lib/db/queries/notes"[39m[33m;[39m
 [90m   |[39m [31m[1m^[22m[39m[31m[1m^[22m[39m[31m[1m^[22m[39m[31m[1m^[22m[39m[31m[1m^[22m[39m[31m[1m^[22m[39m[31m[1m^[22m[39m[31m[1m^[22m[39m[31m[1m^[22m[39m[31m[1m^[22m[39m[31m[1m^[22m[39m[31m[1m^[22m[39m[31m[1m^[22m[39m[31m[1m^[22m[39m[31m[1m^[22m[39m[31m[1m^[22m[39m[31m[1m^[22m[39m[31m[1m^[22m[39m[31m[1m^[22m[39m[31m[1m^[22m[39m[31m[1m^[22m[39m[31m[1m^[22m[39m[31m[1m^[22m[39m[31m[1m^[22m[39m[31m[1m^[22m[39m[31m[1m^[22m[39m[31m[1m^[22m[39m[31m[1m^[22m[39m[31m[1m^[22m[39m[31m[1m^[22m[39m[31m[1m^[22m[39m[31m[1m^[22m[39m[31m[1m^[22m[39m[31m[1m^[22m[39m[31m[1m^[22m[39m[31m[1m^[22m[39m[31m[1m^[22m[39m[31m[1m^[22m[39m[31m[1m^[22m[39m[31m[1m^[22m[39m[31m[1m^[22m[39m[31m[1m^[22m[39m[31m[1m^[22m[39m[31m[1m^[22m[39m[31m[1m^[22m[39m[31m[1m^[22m[39m[31m[1m^[22m[39m[31m[1m^[22m[39m[31m[1m^[22m[39m[31m[1m^[22m[39m[31m[1m^[22m[39m[31m[1m^[22m[39m[31m[1m^[22m[39m[31m[1m^[22m[39m[31m[1m^[22m[39m
 [90m 3 |[39m [36mimport[39m { withCacheHeaders } [36mfrom[39m [32m"@/lib/cache/headers"[39m[33m;[39m
 [90m 4 |[39m
 [90m 5 |[39m [36mexport[39m [36masync[39m [36mfunction[39m [33mGET[39m(req) {[0m



https://nextjs.org/docs/messages/module-not-found


./app/api/notes/route.js:2:1
Module not found: Can't resolve '@/lib/db/queries/notes'
[0m [90m 1 |[39m [36mimport[39m { [33mNextResponse[39m } [36mfrom[39m [32m"next/server"[39m[33m;[39m
[31m[1m>[22m[39m[90m 2 |[39m [36mimport[39m { getCachedNotesByParentSlug } [36mfrom[39m [32m"@/lib/db/queries/notes"[39m[33m;[39m
 [90m   |[39m [31m[1m^[22m[39m[31m[1m^[22m[39m[31m[1m^[22m[39m[31m[1m^[22m[39m[31m[1m^[22m[39m[31m[1m^[22m[39m[31m[1m^[22m[39m[31m[1m^[22m[39m[31m[1m^[22m[39m[31m[1m^[22m[39m[31m[1m^[22m[39m[31m[1m^[22m[39m[31m[1m^[22m[39m[31m[1m^[22m[39m[31m[1m^[22m[39m[31m[1m^[22m[39m[31m[1m^[22m[39m[31m[1m^[22m[39m[31m[1m^[22m[39m[31m[1m^[22m[39m[31m[1m^[22m[39m[31m[1m^[22m[39m[31m[1m^[22m[39m[31m[1m^[22m[39m[31m[1m^[22m[39m[31m[1m^[22m[39m[31m[1m^[22m[39m[31m[1m^[22m[39m[31m[1m^[22m[39m[31m[1m^[22m[39m[31m[1m^[22m[39m[31m[1m^[22m[39m[31m[1m^[22m[39m[31m[1m^[22m[39m[31m[1m^[22m[39m[31m[1m^[22m[39m[31m[1m^[22m[39m[31m[1m^[22m[39m[31m[1m^[22m[39m[31m[1m^[22m[39m[31m[1m^[22m[39m[31m[1m^[22m[39m[31m[1m^[22m[39m[31m[1m^[22m[39m[31m[1m^[22m[39m[31m[1m^[22m[39m[31m[1m^[22m[39m[31m[1m^[22m[39m[31m[1m^[22m[39m[31m[1m^[22m[39m[31m[1m^[22m[39m[31m[1m^[22m[39m[31m[1m^[22m[39m[31m[1m^[22m[39m[31m[1m^[22m[39m[31m[1m^[22m[39m[31m[1m^[22m[39m[31m[1m^[22m[39m[31m[1m^[22m[39m[31m[1m^[22m[39m[31m[1m^[22m[39m[31m[1m^[22m[39m[31m[1m^[22m[39m[31m[1m^[22m[39m[31m[1m^[22m[39m[31m[1m^[22m[39m[31m[1m^[22m[39m[31m[1m^[22m[39m
 [90m 3 |[39m [36mimport[39m { withCacheHeaders } [36mfrom[39m [32m"@/lib/cache/headers"[39m[33m;[39m
 [90m 4 |[39m
 [90m 5 |[39m [36mexport[39m [36masync[39m [36mfunction[39m [33mGET[39m(req) {[0m



https://nextjs.org/docs/messages/module-not-found


./app/api/search/route.js:7:1
Module not found: Can't resolve '@/lib/db/queries/notes'
[0m [90m  5 |[39m [36mimport[39m { cached } [36mfrom[39m [32m"@/lib/cache/lru"[39m[33m;[39m
 [90m  6 |[39m [36mimport[39m { getCachedAllDocs } [36mfrom[39m [32m"@/lib/db/queries/docs"[39m[33m;[39m
[31m[1m>[22m[39m[90m  7 |[39m [36mimport[39m { getCachedAllNotes } [36mfrom[39m [32m"@/lib/db/queries/notes"[39m[33m;[39m
 [90m    |[39m [31m[1m^[22m[39m[31m[1m^[22m[39m[31m[1m^[22m[39m[31m[1m^[22m[39m[31m[1m^[22m[39m[31m[1m^[22m[39m[31m[1m^[22m[39m[31m[1m^[22m[39m[31m[1m^[22m[39m[31m[1m^[22m[39m[31m[1m^[22m[39m[31m[1m^[22m[39m[31m[1m^[22m[39m[31m[1m^[22m[39m[31m[1m^[22m[39m[31m[1m^[22m[39m[31m[1m^[22m[39m[31m[1m^[22m[39m[31m[1m^[22m[39m[31m[1m^[22m[39m[31m[1m^[22m[39m[31m[1m^[22m[39m[31m[1m^[22m[39m[31m[1m^[22m[39m[31m[1m^[22m[39m[31m[1m^[22m[39m[31m[1m^[22m[39m[31m[1m^[22m[39m[31m[1m^[22m[39m[31m[1m^[22m[39m[31m[1m^[22m[39m[31m[1m^[22m[39m[31m[1m^[22m[39m[31m[1m^[22m[39m[31m[1m^[22m[39m[31m[1m^[22m[39m[31m[1m^[22m[39m[31m[1m^[22m[39m[31m[1m^[22m[39m[31m[1m^[22m[39m[31m[1m^[22m[39m[31m[1m^[22m[39m[31m[1m^[22m[39m[31m[1m^[22m[39m[31m[1m^[22m[39m[31m[1m^[22m[39m[31m[1m^[22m[39m[31m[1m^[22m[39m[31m[1m^[22m[39m[31m[1m^[22m[39m[31m[1m^[22m[39m[31m[1m^[22m[39m[31m[1m^[22m[39m[31m[1m^[22m[39m[31m[1m^[22m[39m[31m[1m^[22m[39m[31m[1m^[22m[39m[31m[1m^[22m[39m[31m[1m^[22m[39m
 [90m  8 |[39m [36mimport[39m { getCachedPublishedBlogs } [36mfrom[39m [32m"@/lib/db/queries/blogs"[39m[33m;[39m
 [90m  9 |[39m [36mimport[39m [33mFuse[39m [36mfrom[39m [32m"fuse.js"[39m[33m;[39m
 [90m 10 |[39m[0m



https://nextjs.org/docs/messages/module-not-found


./app/api/notifications/route.js:2:1
Module not found: Can't resolve '@/lib/db/queries/notifications'
[0m [90m 1 |[39m [36mimport[39m { [33mNextResponse[39m } [36mfrom[39m [32m"next/server"[39m[33m;[39m
[31m[1m>[22m[39m[90m 2 |[39m [36mimport[39m { getActiveNotifications } [36mfrom[39m [32m"@/lib/db/queries/notifications"[39m[33m;[39m
 [90m   |[39m [31m[1m^[22m[39m[31m[1m^[22m[39m[31m[1m^[22m[39m[31m[1m^[22m[39m[31m[1m^[22m[39m[31m[1m^[22m[39m[31m[1m^[22m[39m[31m[1m^[22m[39m[31m[1m^[22m[39m[31m[1m^[22m[39m[31m[1m^[22m[39m[31m[1m^[22m[39m[31m[1m^[22m[39m[31m[1m^[22m[39m[31m[1m^[22m[39m[31m[1m^[22m[39m[31m[1m^[22m[39m[31m[1m^[22m[39m[31m[1m^[22m[39m[31m[1m^[22m[39m[31m[1m^[22m[39m[31m[1m^[22m[39m[31m[1m^[22m[39m[31m[1m^[22m[39m[31m[1m^[22m[39m[31m[1m^[22m[39m[31m[1m^[22m[39m[31m[1m^[22m[39m[31m[1m^[22m[39m[31m[1m^[22m[39m[31m[1m^[22m[39m[31m[1m^[22m[39m[31m[1m^[22m[39m[31m[1m^[22m[39m[31m[1m^[22m[39m[31m[1m^[22m[39m[31m[1m^[22m[39m[31m[1m^[22m[39m[31m[1m^[22m[39m[31m[1m^[22m[39m[31m[1m^[22m[39m[31m[1m^[22m[39m[31m[1m^[22m[39m[31m[1m^[22m[39m[31m[1m^[22m[39m[31m[1m^[22m[39m[31m[1m^[22m[39m[31m[1m^[22m[39m[31m[1m^[22m[39m[31m[1m^[22m[39m[31m[1m^[22m[39m[31m[1m^[22m[39m[31m[1m^[22m[39m[31m[1m^[22m[39m[31m[1m^[22m[39m[31m[1m^[22m[39m[31m[1m^[22m[39m[31m[1m^[22m[39m[31m[1m^[22m[39m[31m[1m^[22m[39m[31m[1m^[22m[39m[31m[1m^[22m[39m[31m[1m^[22m[39m[31m[1m^[22m[39m[31m[1m^[22m[39m[31m[1m^[22m[39m[31m[1m^[22m[39m[31m[1m^[22m[39m[31m[1m^[22m[39m[31m[1m^[22m[39m[31m[1m^[22m[39m[31m[1m^[22m[39m
 [90m 3 |[39m [36mimport[39m { withCacheHeaders } [36mfrom[39m [32m"@/lib/cache/headers"[39m[33m;[39m
 [90m 4 |[39m
 [90m 5 |[39m [36mexport[39m [36masync[39m [36mfunction[39m [33mGET[39m() {[0m



https://nextjs.org/docs/messages/module-not-found


./app/api/tags/route.js:2:1
Module not found: Can't resolve '@/lib/db/queries/tags'
[0m [90m 1 |[39m [36mimport[39m { [33mNextResponse[39m } [36mfrom[39m [32m"next/server"[39m[33m;[39m
[31m[1m>[22m[39m[90m 2 |[39m [36mimport[39m { getCachedAllTags } [36mfrom[39m [32m"@/lib/db/queries/tags"[39m[33m;[39m
 [90m   |[39m [31m[1m^[22m[39m[31m[1m^[22m[39m[31m[1m^[22m[39m[31m[1m^[22m[39m[31m[1m^[22m[39m[31m[1m^[22m[39m[31m[1m^[22m[39m[31m[1m^[22m[39m[31m[1m^[22m[39m[31m[1m^[22m[39m[31m[1m^[22m[39m[31m[1m^[22m[39m[31m[1m^[22m[39m[31m[1m^[22m[39m[31m[1m^[22m[39m[31m[1m^[22m[39m[31m[1m^[22m[39m[31m[1m^[22m[39m[31m[1m^[22m[39m[31m[1m^[22m[39m[31m[1m^[22m[39m[31m[1m^[22m[39m[31m[1m^[22m[39m[31m[1m^[22m[39m[31m[1m^[22m[39m[31m[1m^[22m[39m[31m[1m^[22m[39m[31m[1m^[22m[39m[31m[1m^[22m[39m[31m[1m^[22m[39m[31m[1m^[22m[39m[31m[1m^[22m[39m[31m[1m^[22m[39m[31m[1m^[22m[39m[31m[1m^[22m[39m[31m[1m^[22m[39m[31m[1m^[22m[39m[31m[1m^[22m[39m[31m[1m^[22m[39m[31m[1m^[22m[39m[31m[1m^[22m[39m[31m[1m^[22m[39m[31m[1m^[22m[39m[31m[1m^[22m[39m[31m[1m^[22m[39m[31m[1m^[22m[39m[31m[1m^[22m[39m[31m[1m^[22m[39m[31m[1m^[22m[39m[31m[1m^[22m[39m[31m[1m^[22m[39m[31m[1m^[22m[39m[31m[1m^[22m[39m[31m[1m^[22m[39m[31m[1m^[22m[39m[31m[1m^[22m[39m[31m[1m^[22m[39m
 [90m 3 |[39m [36mimport[39m { withCacheHeaders } [36mfrom[39m [32m"@/lib/cache/headers"[39m[33m;[39m
 [90m 4 |[39m
 [90m 5 |[39m [36mexport[39m [36masync[39m [36mfunction[39m [33mGET[39m() {[0m



https://nextjs.org/docs/messages/module-not-found


./app/(public)/notes/[...slug]/page.jsx:7:1
Module not found: Can't resolve '@/lib/db/schema'
[0m [90m  5 |[39m [36mimport[39m { getCachedNotesByParentSlug } [36mfrom[39m [32m"@/lib/db/queries/notes"[39m[33m;[39m
 [90m  6 |[39m [36mimport[39m { db } [36mfrom[39m [32m"@/lib/db"[39m[33m;[39m
[31m[1m>[22m[39m[90m  7 |[39m [36mimport[39m { notes } [36mfrom[39m [32m"@/lib/db/schema"[39m[33m;[39m
 [90m    |[39m [31m[1m^[22m[39m[31m[1m^[22m[39m[31m[1m^[22m[39m[31m[1m^[22m[39m[31m[1m^[22m[39m[31m[1m^[22m[39m[31m[1m^[22m[39m[31m[1m^[22m[39m[31m[1m^[22m[39m[31m[1m^[22m[39m[31m[1m^[22m[39m[31m[1m^[22m[39m[31m[1m^[22m[39m[31m[1m^[22m[39m[31m[1m^[22m[39m[31m[1m^[22m[39m[31m[1m^[22m[39m[31m[1m^[22m[39m[31m[1m^[22m[39m[31m[1m^[22m[39m[31m[1m^[22m[39m[31m[1m^[22m[39m[31m[1m^[22m[39m[31m[1m^[22m[39m[31m[1m^[22m[39m[31m[1m^[22m[39m[31m[1m^[22m[39m[31m[1m^[22m[39m[31m[1m^[22m[39m[31m[1m^[22m[39m[31m[1m^[22m[39m[31m[1m^[22m[39m[31m[1m^[22m[39m[31m[1m^[22m[39m[31m[1m^[22m[39m[31m[1m^[22m[39m[31m[1m^[22m[39m[31m[1m^[22m[39m[31m[1m^[22m[39m[31m[1m^[22m[39m
 [90m  8 |[39m [36mimport[39m { eq[33m,[39m and } [36mfrom[39m [32m"drizzle-orm"[39m[33m;[39m
 [90m  9 |[39m [36mimport[39m { getProcessedMDX } [36mfrom[39m [32m"@/lib/mdx"[39m[33m;[39m
 [90m 10 |[39m [36mimport[39m [33mShareButtons[39m [36mfrom[39m [32m"@/components/shared/ShareButtons"[39m[33m;[39m[0m



https://nextjs.org/docs/messages/module-not-found


./app/api/search/route.js:3:1
Module not found: Can't resolve '@/lib/db/schema'
[0m [90m 1 |[39m [36mimport[39m { [33mNextResponse[39m } [36mfrom[39m [32m"next/server"[39m[33m;[39m
 [90m 2 |[39m [36mimport[39m { db } [36mfrom[39m [32m"@/lib/db"[39m[33m;[39m
[31m[1m>[22m[39m[90m 3 |[39m [36mimport[39m { docs[33m,[39m notes[33m,[39m blogs } [36mfrom[39m [32m"@/lib/db/schema"[39m[33m;[39m
 [90m   |[39m [31m[1m^[22m[39m[31m[1m^[22m[39m[31m[1m^[22m[39m[31m[1m^[22m[39m[31m[1m^[22m[39m[31m[1m^[22m[39m[31m[1m^[22m[39m[31m[1m^[22m[39m[31m[1m^[22m[39m[31m[1m^[22m[39m[31m[1m^[22m[39m[31m[1m^[22m[39m[31m[1m^[22m[39m[31m[1m^[22m[39m[31m[1m^[22m[39m[31m[1m^[22m[39m[31m[1m^[22m[39m[31m[1m^[22m[39m[31m[1m^[22m[39m[31m[1m^[22m[39m[31m[1m^[22m[39m[31m[1m^[22m[39m[31m[1m^[22m[39m[31m[1m^[22m[39m[31m[1m^[22m[39m[31m[1m^[22m[39m[31m[1m^[22m[39m[31m[1m^[22m[39m[31m[1m^[22m[39m[31m[1m^[22m[39m[31m[1m^[22m[39m[31m[1m^[22m[39m[31m[1m^[22m[39m[31m[1m^[22m[39m[31m[1m^[22m[39m[31m[1m^[22m[39m[31m[1m^[22m[39m[31m[1m^[22m[39m[31m[1m^[22m[39m[31m[1m^[22m[39m[31m[1m^[22m[39m[31m[1m^[22m[39m[31m[1m^[22m[39m[31m[1m^[22m[39m[31m[1m^[22m[39m[31m[1m^[22m[39m[31m[1m^[22m[39m[31m[1m^[22m[39m[31m[1m^[22m[39m[31m[1m^[22m[39m[31m[1m^[22m[39m[31m[1m^[22m[39m[31m[1m^[22m[39m
 [90m 4 |[39m [36mimport[39m { eq[33m,[39m and[33m,[39m ilike[33m,[39m or } [36mfrom[39m [32m"drizzle-orm"[39m[33m;[39m
 [90m 5 |[39m [36mimport[39m { cached } [36mfrom[39m [32m"@/lib/cache/lru"[39m[33m;[39m
 [90m 6 |[39m [36mimport[39m { getCachedAllDocs } [36mfrom[39m [32m"@/lib/db/queries/docs"[39m[33m;[39m[0m



https://nextjs.org/docs/messages/module-not-found


./app/sitemap.js:2:1
Module not found: Can't resolve '@/lib/db/schema'
[0m [90m 1 |[39m [36mimport[39m { db } [36mfrom[39m [32m"@/lib/db"[39m[33m;[39m
[31m[1m>[22m[39m[90m 2 |[39m [36mimport[39m { docs[33m,[39m notes[33m,[39m blogs } [36mfrom[39m [32m"@/lib/db/schema"[39m[33m;[39m
 [90m   |[39m [31m[1m^[22m[39m[31m[1m^[22m[39m[31m[1m^[22m[39m[31m[1m^[22m[39m[31m[1m^[22m[39m[31m[1m^[22m[39m[31m[1m^[22m[39m[31m[1m^[22m[39m[31m[1m^[22m[39m[31m[1m^[22m[39m[31m[1m^[22m[39m[31m[1m^[22m[39m[31m[1m^[22m[39m[31m[1m^[22m[39m[31m[1m^[22m[39m[31m[1m^[22m[39m[31m[1m^[22m[39m[31m[1m^[22m[39m[31m[1m^[22m[39m[31m[1m^[22m[39m[31m[1m^[22m[39m[31m[1m^[22m[39m[31m[1m^[22m[39m[31m[1m^[22m[39m[31m[1m^[22m[39m[31m[1m^[22m[39m[31m[1m^[22m[39m[31m[1m^[22m[39m[31m[1m^[22m[39m[31m[1m^[22m[39m[31m[1m^[22m[39m[31m[1m^[22m[39m[31m[1m^[22m[39m[31m[1m^[22m[39m[31m[1m^[22m[39m[31m[1m^[22m[39m[31m[1m^[22m[39m[31m[1m^[22m[39m[31m[1m^[22m[39m[31m[1m^[22m[39m[31m[1m^[22m[39m[31m[1m^[22m[39m[31m[1m^[22m[39m[31m[1m^[22m[39m[31m[1m^[22m[39m[31m[1m^[22m[39m[31m[1m^[22m[39m[31m[1m^[22m[39m[31m[1m^[22m[39m[31m[1m^[22m[39m[31m[1m^[22m[39m[31m[1m^[22m[39m[31m[1m^[22m[39m
 [90m 3 |[39m [36mimport[39m { eq } [36mfrom[39m [32m"drizzle-orm"[39m[33m;[39m
 [90m 4 |[39m
 [90m 5 |[39m [36mexport[39m [36mdefault[39m [36masync[39m [36mfunction[39m sitemap() {[0m



Import trace:
  App Route:
    ./app/sitemap.js
    ./app/sitemap--route-entry.js

https://nextjs.org/docs/messages/module-not-found


./app/api/example-inflight/route.ts:2:1
Module not found: Can't resolve '@/lib/inflight/manager'
[0m [90m 1 |[39m [36mimport[39m { [33mNextRequest[39m[33m,[39m [33mNextResponse[39m } [36mfrom[39m [32m'next/server'[39m[33m;[39m
[31m[1m>[22m[39m[90m 2 |[39m [36mimport[39m { inflightManager } [36mfrom[39m [32m'@/lib/inflight/manager'[39m[33m;[39m
 [90m   |[39m [31m[1m^[22m[39m[31m[1m^[22m[39m[31m[1m^[22m[39m[31m[1m^[22m[39m[31m[1m^[22m[39m[31m[1m^[22m[39m[31m[1m^[22m[39m[31m[1m^[22m[39m[31m[1m^[22m[39m[31m[1m^[22m[39m[31m[1m^[22m[39m[31m[1m^[22m[39m[31m[1m^[22m[39m[31m[1m^[22m[39m[31m[1m^[22m[39m[31m[1m^[22m[39m[31m[1m^[22m[39m[31m[1m^[22m[39m[31m[1m^[22m[39m[31m[1m^[22m[39m[31m[1m^[22m[39m[31m[1m^[22m[39m[31m[1m^[22m[39m[31m[1m^[22m[39m[31m[1m^[22m[39m[31m[1m^[22m[39m[31m[1m^[22m[39m[31m[1m^[22m[39m[31m[1m^[22m[39m[31m[1m^[22m[39m[31m[1m^[22m[39m[31m[1m^[22m[39m[31m[1m^[22m[39m[31m[1m^[22m[39m[31m[1m^[22m[39m[31m[1m^[22m[39m[31m[1m^[22m[39m[31m[1m^[22m[39m[31m[1m^[22m[39m[31m[1m^[22m[39m[31m[1m^[22m[39m[31m[1m^[22m[39m[31m[1m^[22m[39m[31m[1m^[22m[39m[31m[1m^[22m[39m[31m[1m^[22m[39m[31m[1m^[22m[39m[31m[1m^[22m[39m[31m[1m^[22m[39m[31m[1m^[22m[39m[31m[1m^[22m[39m[31m[1m^[22m[39m[31m[1m^[22m[39m[31m[1m^[22m[39m[31m[1m^[22m[39m[31m[1m^[22m[39m[31m[1m^[22m[39m
 [90m 3 |[39m
 [90m 4 |[39m [90m// Example expensive operation that should only be executed once globally[39m
 [90m 5 |[39m [36masync[39m [36mfunction[39m fetchExpensiveDataFromDatabase(productId[33m:[39m string) {[0m



https://nextjs.org/docs/messages/module-not-found


./app/api/github/content/route.js:12:1
Module not found: Can't resolve '@/lib/inflight/manager'
[0m [90m 10 |[39m [36mimport[39m rehypeStringify [36mfrom[39m [32m"rehype-stringify"[39m[33m;[39m
 [90m 11 |[39m [36mimport[39m matter [36mfrom[39m [32m"gray-matter"[39m[33m;[39m
[31m[1m>[22m[39m[90m 12 |[39m [36mimport[39m { inflightManager } [36mfrom[39m [32m"@/lib/inflight/manager"[39m[33m;[39m
 [90m    |[39m [31m[1m^[22m[39m[31m[1m^[22m[39m[31m[1m^[22m[39m[31m[1m^[22m[39m[31m[1m^[22m[39m[31m[1m^[22m[39m[31m[1m^[22m[39m[31m[1m^[22m[39m[31m[1m^[22m[39m[31m[1m^[22m[39m[31m[1m^[22m[39m[31m[1m^[22m[39m[31m[1m^[22m[39m[31m[1m^[22m[39m[31m[1m^[22m[39m[31m[1m^[22m[39m[31m[1m^[22m[39m[31m[1m^[22m[39m[31m[1m^[22m[39m[31m[1m^[22m[39m[31m[1m^[22m[39m[31m[1m^[22m[39m[31m[1m^[22m[39m[31m[1m^[22m[39m[31m[1m^[22m[39m[31m[1m^[22m[39m[31m[1m^[22m[39m[31m[1m^[22m[39m[31m[1m^[22m[39m[31m[1m^[22m[39m[31m[1m^[22m[39m[31m[1m^[22m[39m[31m[1m^[22m[39m[31m[1m^[22m[39m[31m[1m^[22m[39m[31m[1m^[22m[39m[31m[1m^[22m[39m[31m[1m^[22m[39m[31m[1m^[22m[39m[31m[1m^[22m[39m[31m[1m^[22m[39m[31m[1m^[22m[39m[31m[1m^[22m[39m[31m[1m^[22m[39m[31m[1m^[22m[39m[31m[1m^[22m[39m[31m[1m^[22m[39m[31m[1m^[22m[39m[31m[1m^[22m[39m[31m[1m^[22m[39m[31m[1m^[22m[39m[31m[1m^[22m[39m[31m[1m^[22m[39m[31m[1m^[22m[39m[31m[1m^[22m[39m[31m[1m^[22m[39m[31m[1m^[22m[39m
 [90m 13 |[39m
 [90m 14 |[39m [36mconst[39m [33mGITHUB_API_PREFIX[39m [33m=[39m [32m"https://api.github.com/repos/"[39m[33m;[39m
 [90m 15 |[39m[0m



https://nextjs.org/docs/messages/module-not-found


./app/(public)/blogs/[slug]/page.jsx:4:1
Module not found: Can't resolve '@/lib/mdx'
[0m [90m 2 |[39m [36mimport[39m [33mBlogReader[39m [36mfrom[39m [32m"@/components/blogs/BlogReader"[39m[33m;[39m
 [90m 3 |[39m [36mimport[39m { getCachedBlogBySlug[33m,[39m getBlogTags } [36mfrom[39m [32m"@/lib/db/queries/blogs"[39m[33m;[39m
[31m[1m>[22m[39m[90m 4 |[39m [36mimport[39m { getProcessedMDX } [36mfrom[39m [32m"@/lib/mdx"[39m[33m;[39m
 [90m   |[39m [31m[1m^[22m[39m[31m[1m^[22m[39m[31m[1m^[22m[39m[31m[1m^[22m[39m[31m[1m^[22m[39m[31m[1m^[22m[39m[31m[1m^[22m[39m[31m[1m^[22m[39m[31m[1m^[22m[39m[31m[1m^[22m[39m[31m[1m^[22m[39m[31m[1m^[22m[39m[31m[1m^[22m[39m[31m[1m^[22m[39m[31m[1m^[22m[39m[31m[1m^[22m[39m[31m[1m^[22m[39m[31m[1m^[22m[39m[31m[1m^[22m[39m[31m[1m^[22m[39m[31m[1m^[22m[39m[31m[1m^[22m[39m[31m[1m^[22m[39m[31m[1m^[22m[39m[31m[1m^[22m[39m[31m[1m^[22m[39m[31m[1m^[22m[39m[31m[1m^[22m[39m[31m[1m^[22m[39m[31m[1m^[22m[39m[31m[1m^[22m[39m[31m[1m^[22m[39m[31m[1m^[22m[39m[31m[1m^[22m[39m[31m[1m^[22m[39m[31m[1m^[22m[39m[31m[1m^[22m[39m[31m[1m^[22m[39m[31m[1m^[22m[39m[31m[1m^[22m[39m[31m[1m^[22m[39m[31m[1m^[22m[39m[31m[1m^[22m[39m[31m[1m^[22m[39m
 [90m 5 |[39m
 [90m 6 |[39m [36mexport[39m [36masync[39m [36mfunction[39m generateMetadata({ params }) {
 [90m 7 |[39m   [36mconst[39m { slug } [33m=[39m [36mawait[39m params[33m;[39m[0m



https://nextjs.org/docs/messages/module-not-found


./app/(public)/docs/[...slug]/page.jsx:7:1
Module not found: Can't resolve '@/lib/mdx'
[0m [90m  5 |[39m [36mimport[39m [33mTableOfContents[39m [36mfrom[39m [32m"@/components/docs/TableOfContents"[39m[33m;[39m
 [90m  6 |[39m [36mimport[39m { getCachedAllDocs } [36mfrom[39m [32m"@/lib/db/queries/docs"[39m[33m;[39m
[31m[1m>[22m[39m[90m  7 |[39m [36mimport[39m { getProcessedMDX } [36mfrom[39m [32m"@/lib/mdx"[39m[33m;[39m
 [90m    |[39m [31m[1m^[22m[39m[31m[1m^[22m[39m[31m[1m^[22m[39m[31m[1m^[22m[39m[31m[1m^[22m[39m[31m[1m^[22m[39m[31m[1m^[22m[39m[31m[1m^[22m[39m[31m[1m^[22m[39m[31m[1m^[22m[39m[31m[1m^[22m[39m[31m[1m^[22m[39m[31m[1m^[22m[39m[31m[1m^[22m[39m[31m[1m^[22m[39m[31m[1m^[22m[39m[31m[1m^[22m[39m[31m[1m^[22m[39m[31m[1m^[22m[39m[31m[1m^[22m[39m[31m[1m^[22m[39m[31m[1m^[22m[39m[31m[1m^[22m[39m[31m[1m^[22m[39m[31m[1m^[22m[39m[31m[1m^[22m[39m[31m[1m^[22m[39m[31m[1m^[22m[39m[31m[1m^[22m[39m[31m[1m^[22m[39m[31m[1m^[22m[39m[31m[1m^[22m[39m[31m[1m^[22m[39m[31m[1m^[22m[39m[31m[1m^[22m[39m[31m[1m^[22m[39m[31m[1m^[22m[39m[31m[1m^[22m[39m[31m[1m^[22m[39m[31m[1m^[22m[39m[31m[1m^[22m[39m[31m[1m^[22m[39m[31m[1m^[22m[39m[31m[1m^[22m[39m
 [90m  8 |[39m [36mimport[39m [33mDocsList[39m [36mfrom[39m [32m"@/components/docs/DocsList"[39m[33m;[39m
 [90m  9 |[39m [36mimport[39m [33mShareButtons[39m [36mfrom[39m [32m"@/components/shared/ShareButtons"[39m[33m;[39m
 [90m 10 |[39m[0m



https://nextjs.org/docs/messages/module-not-found


./app/(public)/notes/[...slug]/page.jsx:9:1
Module not found: Can't resolve '@/lib/mdx'
[0m [90m  7 |[39m [36mimport[39m { notes } [36mfrom[39m [32m"@/lib/db/schema"[39m[33m;[39m
 [90m  8 |[39m [36mimport[39m { eq[33m,[39m and } [36mfrom[39m [32m"drizzle-orm"[39m[33m;[39m
[31m[1m>[22m[39m[90m  9 |[39m [36mimport[39m { getProcessedMDX } [36mfrom[39m [32m"@/lib/mdx"[39m[33m;[39m
 [90m    |[39m [31m[1m^[22m[39m[31m[1m^[22m[39m[31m[1m^[22m[39m[31m[1m^[22m[39m[31m[1m^[22m[39m[31m[1m^[22m[39m[31m[1m^[22m[39m[31m[1m^[22m[39m[31m[1m^[22m[39m[31m[1m^[22m[39m[31m[1m^[22m[39m[31m[1m^[22m[39m[31m[1m^[22m[39m[31m[1m^[22m[39m[31m[1m^[22m[39m[31m[1m^[22m[39m[31m[1m^[22m[39m[31m[1m^[22m[39m[31m[1m^[22m[39m[31m[1m^[22m[39m[31m[1m^[22m[39m[31m[1m^[22m[39m[31m[1m^[22m[39m[31m[1m^[22m[39m[31m[1m^[22m[39m[31m[1m^[22m[39m[31m[1m^[22m[39m[31m[1m^[22m[39m[31m[1m^[22m[39m[31m[1m^[22m[39m[31m[1m^[22m[39m[31m[1m^[22m[39m[31m[1m^[22m[39m[31m[1m^[22m[39m[31m[1m^[22m[39m[31m[1m^[22m[39m[31m[1m^[22m[39m[31m[1m^[22m[39m[31m[1m^[22m[39m[31m[1m^[22m[39m[31m[1m^[22m[39m[31m[1m^[22m[39m[31m[1m^[22m[39m[31m[1m^[22m[39m
 [90m 10 |[39m [36mimport[39m [33mShareButtons[39m [36mfrom[39m [32m"@/components/shared/ShareButtons"[39m[33m;[39m
 [90m 11 |[39m
 [90m 12 |[39m [36masync[39m [36mfunction[39m getNoteNode(slugString) {[0m



https://nextjs.org/docs/messages/module-not-found


./proxy.js:2:1
Module not found: Can't resolve '@/server/firewall'
[0m [90m 1 |[39m [36mimport[39m { [33mNextResponse[39m } [36mfrom[39m [32m"next/server"[39m[33m;[39m
[31m[1m>[22m[39m[90m 2 |[39m [36mimport[39m { firewall } [36mfrom[39m [32m"@/server/firewall"[39m[33m;[39m
 [90m   |[39m [31m[1m^[22m[39m[31m[1m^[22m[39m[31m[1m^[22m[39m[31m[1m^[22m[39m[31m[1m^[22m[39m[31m[1m^[22m[39m[31m[1m^[22m[39m[31m[1m^[22m[39m[31m[1m^[22m[39m[31m[1m^[22m[39m[31m[1m^[22m[39m[31m[1m^[22m[39m[31m[1m^[22m[39m[31m[1m^[22m[39m[31m[1m^[22m[39m[31m[1m^[22m[39m[31m[1m^[22m[39m[31m[1m^[22m[39m[31m[1m^[22m[39m[31m[1m^[22m[39m[31m[1m^[22m[39m[31m[1m^[22m[39m[31m[1m^[22m[39m[31m[1m^[22m[39m[31m[1m^[22m[39m[31m[1m^[22m[39m[31m[1m^[22m[39m[31m[1m^[22m[39m[31m[1m^[22m[39m[31m[1m^[22m[39m[31m[1m^[22m[39m[31m[1m^[22m[39m[31m[1m^[22m[39m[31m[1m^[22m[39m[31m[1m^[22m[39m[31m[1m^[22m[39m[31m[1m^[22m[39m[31m[1m^[22m[39m[31m[1m^[22m[39m[31m[1m^[22m[39m[31m[1m^[22m[39m[31m[1m^[22m[39m[31m[1m^[22m[39m[31m[1m^[22m[39m[31m[1m^[22m[39m
 [90m 3 |[39m [36mimport[39m { withSecurityHeaders[33m,[39m generateNonce } [36mfrom[39m [32m"@/server/security-headers"[39m[33m;[39m
 [90m 4 |[39m
 [90m 5 |[39m [90m/* =========================[39m[0m



https://nextjs.org/docs/messages/module-not-found


./proxy.js:3:1
Module not found: Can't resolve '@/server/security-headers'
[0m [90m 1 |[39m [36mimport[39m { [33mNextResponse[39m } [36mfrom[39m [32m"next/server"[39m[33m;[39m
 [90m 2 |[39m [36mimport[39m { firewall } [36mfrom[39m [32m"@/server/firewall"[39m[33m;[39m
[31m[1m>[22m[39m[90m 3 |[39m [36mimport[39m { withSecurityHeaders[33m,[39m generateNonce } [36mfrom[39m [32m"@/server/security-headers"[39m[33m;[39m
 [90m   |[39m [31m[1m^[22m[39m[31m[1m^[22m[39m[31m[1m^[22m[39m[31m[1m^[22m[39m[31m[1m^[22m[39m[31m[1m^[22m[39m[31m[1m^[22m[39m[31m[1m^[22m[39m[31m[1m^[22m[39m[31m[1m^[22m[39m[31m[1m^[22m[39m[31m[1m^[22m[39m[31m[1m^[22m[39m[31m[1m^[22m[39m[31m[1m^[22m[39m[31m[1m^[22m[39m[31m[1m^[22m[39m[31m[1m^[22m[39m[31m[1m^[22m[39m[31m[1m^[22m[39m[31m[1m^[22m[39m[31m[1m^[22m[39m[31m[1m^[22m[39m[31m[1m^[22m[39m[31m[1m^[22m[39m[31m[1m^[22m[39m[31m[1m^[22m[39m[31m[1m^[22m[39m[31m[1m^[22m[39m[31m[1m^[22m[39m[31m[1m^[22m[39m[31m[1m^[22m[39m[31m[1m^[22m[39m[31m[1m^[22m[39m[31m[1m^[22m[39m[31m[1m^[22m[39m[31m[1m^[22m[39m[31m[1m^[22m[39m[31m[1m^[22m[39m[31m[1m^[22m[39m[31m[1m^[22m[39m[31m[1m^[22m[39m[31m[1m^[22m[39m[31m[1m^[22m[39m[31m[1m^[22m[39m[31m[1m^[22m[39m[31m[1m^[22m[39m[31m[1m^[22m[39m[31m[1m^[22m[39m[31m[1m^[22m[39m[31m[1m^[22m[39m[31m[1m^[22m[39m[31m[1m^[22m[39m[31m[1m^[22m[39m[31m[1m^[22m[39m[31m[1m^[22m[39m[31m[1m^[22m[39m[31m[1m^[22m[39m[31m[1m^[22m[39m[31m[1m^[22m[39m[31m[1m^[22m[39m[31m[1m^[22m[39m[31m[1m^[22m[39m[31m[1m^[22m[39m[31m[1m^[22m[39m[31m[1m^[22m[39m[31m[1m^[22m[39m[31m[1m^[22m[39m[31m[1m^[22m[39m[31m[1m^[22m[39m[31m[1m^[22m[39m[31m[1m^[22m[39m[31m[1m^[22m[39m[31m[1m^[22m[39m[31m[1m^[22m[39m[31m[1m^[22m[39m[31m[1m^[22m[39m[31m[1m^[22m[39m[31m[1m^[22m[39m
 [90m 4 |[39m
 [90m 5 |[39m [90m/* =========================[39m
 [90m 6 |[39m [90m   MIDDLEWARE (simplified)[39m[0m



https://nextjs.org/docs/messages/module-not-found


    at <unknown> (./app/(public)/blogs/page.jsx:2:1)
    at <unknown> (https://nextjs.org/docs/messages/module-not-found)
    at <unknown> (./app/(public)/blogs/page.jsx:1:1)
    at <unknown> (https://nextjs.org/docs/messages/module-not-found)
    at <unknown> (./app/(public)/blogs/[slug]/page.jsx:2:1)
    at <unknown> (https://nextjs.org/docs/messages/module-not-found)
    at <unknown> (./app/(public)/docs/layout.jsx:2:1)
    at <unknown> (https://nextjs.org/docs/messages/module-not-found)
    at <unknown> (./app/(public)/docs/[...slug]/page.jsx:4:1)
    at <unknown> (https://nextjs.org/docs/messages/module-not-found)
    at <unknown> (./app/(public)/notes/[...slug]/page.jsx:3:1)
    at <unknown> (https://nextjs.org/docs/messages/module-not-found)
    at <unknown> (./app/(public)/docs/[...slug]/page.jsx:8:1)
    at <unknown> (https://nextjs.org/docs/messages/module-not-found)
    at <unknown> (./app/(public)/docs/page.jsx:2:1)
    at <unknown> (https://nextjs.org/docs/messages/module-not-found)
    at <unknown> (./app/(public)/docs/[...slug]/page.jsx:5:1)
    at <unknown> (https://nextjs.org/docs/messages/module-not-found)
    at <unknown> (./app/(public)/notes/[...slug]/page.jsx:4:1)
    at <unknown> (https://nextjs.org/docs/messages/module-not-found)
    at <unknown> (./app/(public)/page.jsx:1:1)
    at <unknown> (https://nextjs.org/docs/messages/module-not-found)
    at <unknown> (./app/(public)/page.jsx:3:1)
    at <unknown> (https://nextjs.org/docs/messages/module-not-found)
    at <unknown> (./app/(public)/page.jsx:2:1)
    at <unknown> (https://nextjs.org/docs/messages/module-not-found)
    at <unknown> (./app/(public)/page.jsx:4:1)
    at <unknown> (https://nextjs.org/docs/messages/module-not-found)
    at <unknown> (./app/ClientRoot.jsx:7:1)
    at <unknown> (https://nextjs.org/docs/messages/module-not-found)
    at <unknown> (./app/ClientRoot.jsx:6:1)
    at <unknown> (https://nextjs.org/docs/messages/module-not-found)
    at <unknown> (./app/(public)/notes/[...slug]/page.jsx:2:1)
    at <unknown> (https://nextjs.org/docs/messages/module-not-found)
    at <unknown> (./app/(public)/notes/page.jsx:1:1)
    at <unknown> (https://nextjs.org/docs/messages/module-not-found)
    at <unknown> (./app/ClientRoot.jsx:5:1)
    at <unknown> (https://nextjs.org/docs/messages/module-not-found)
    at <unknown> (./app/ClientRoot.jsx:4:1)
    at <unknown> (https://nextjs.org/docs/messages/module-not-found)
    at <unknown> (./app/ClientRoot.jsx:8:1)
    at <unknown> (https://nextjs.org/docs/messages/module-not-found)
    at <unknown> (./app/(public)/docs/[...slug]/page.jsx:9:1)
    at <unknown> (https://nextjs.org/docs/messages/module-not-found)
    at <unknown> (./app/(public)/notes/[...slug]/page.jsx:10:1)
    at <unknown> (https://nextjs.org/docs/messages/module-not-found)
    at <unknown> (./app/api/blogs/[slug]/route.js:3:1)
    at <unknown> (https://nextjs.org/docs/messages/module-not-found)
    at <unknown> (./app/api/blogs/route.js:3:1)
    at <unknown> (https://nextjs.org/docs/messages/module-not-found)
    at <unknown> (./app/api/docs/recent/route.js:3:1)
    at <unknown> (https://nextjs.org/docs/messages/module-not-found)
    at <unknown> (./app/api/docs/route.js:3:1)
    at <unknown> (https://nextjs.org/docs/messages/module-not-found)
    at <unknown> (./app/api/docs/subtree/route.js:4:1)
    at <unknown> (https://nextjs.org/docs/messages/module-not-found)
    at <unknown> (./app/api/notes/node/route.js:3:1)
    at <unknown> (https://nextjs.org/docs/messages/module-not-found)
    at <unknown> (./app/api/notes/route.js:3:1)
    at <unknown> (https://nextjs.org/docs/messages/module-not-found)
    at <unknown> (./app/api/notes/subtree/route.js:4:1)
    at <unknown> (https://nextjs.org/docs/messages/module-not-found)
    at <unknown> (./app/api/notifications/route.js:3:1)
    at <unknown> (https://nextjs.org/docs/messages/module-not-found)
    at <unknown> (./app/api/tags/route.js:3:1)
    at <unknown> (https://nextjs.org/docs/messages/module-not-found)
    at <unknown> (./app/api/search/route.js:5:1)
    at <unknown> (https://nextjs.org/docs/messages/module-not-found)
    at <unknown> (./app/(public)/notes/[...slug]/page.jsx:6:1)
    at <unknown> (https://nextjs.org/docs/messages/module-not-found)
    at <unknown> (./app/api/docs/subtree/route.js:2:1)
    at <unknown> (https://nextjs.org/docs/messages/module-not-found)
    at <unknown> (./app/api/notes/subtree/route.js:2:1)
    at <unknown> (https://nextjs.org/docs/messages/module-not-found)
    at <unknown> (./app/api/search/route.js:2:1)
    at <unknown> (https://nextjs.org/docs/messages/module-not-found)
    at <unknown> (./app/sitemap.js:1:1)
    at <unknown> (https://nextjs.org/docs/messages/module-not-found)
    at <unknown> (./app/(public)/blogs/[slug]/page.jsx:3:1)
    at <unknown> (https://nextjs.org/docs/messages/module-not-found)
    at <unknown> (./app/(public)/blogs/page.jsx:3:1)
    at <unknown> (https://nextjs.org/docs/messages/module-not-found)
    at <unknown> (./app/(public)/page.jsx:12:1)
    at <unknown> (https://nextjs.org/docs/messages/module-not-found)
    at <unknown> (./app/api/blogs/[slug]/route.js:2:1)
    at <unknown> (https://nextjs.org/docs/messages/module-not-found)
    at <unknown> (./app/api/blogs/route.js:2:1)
    at <unknown> (https://nextjs.org/docs/messages/module-not-found)
    at <unknown> (./app/api/search/route.js:8:1)
    at <unknown> (https://nextjs.org/docs/messages/module-not-found)
    at <unknown> (./app/(public)/docs/[...slug]/page.jsx:6:1)
    at <unknown> (https://nextjs.org/docs/messages/module-not-found)
    at <unknown> (./app/(public)/docs/layout.jsx:1:1)
    at <unknown> (https://nextjs.org/docs/messages/module-not-found)
    at <unknown> (./app/(public)/docs/page.jsx:1:1)
    at <unknown> (https://nextjs.org/docs/messages/module-not-found)
    at <unknown> (./app/(public)/page.jsx:11:1)
    at <unknown> (https://nextjs.org/docs/messages/module-not-found)
    at <unknown> (./app/(public)/pdf/[...slug]/route.js:2:1)
    at <unknown> (https://nextjs.org/docs/messages/module-not-found)
    at <unknown> (./app/api/docs/recent/route.js:2:1)
    at <unknown> (https://nextjs.org/docs/messages/module-not-found)
    at <unknown> (./app/api/docs/route.js:2:1)
    at <unknown> (https://nextjs.org/docs/messages/module-not-found)
    at <unknown> (./app/api/search/route.js:6:1)
    at <unknown> (https://nextjs.org/docs/messages/module-not-found)
    at <unknown> (./app/(public)/notes/[...slug]/page.jsx:5:1)
    at <unknown> (https://nextjs.org/docs/messages/module-not-found)
    at <unknown> (./app/(public)/notes/page.jsx:2:1)
    at <unknown> (https://nextjs.org/docs/messages/module-not-found)
    at <unknown> (./app/api/notes/node/route.js:2:1)
    at <unknown> (https://nextjs.org/docs/messages/module-not-found)
    at <unknown> (./app/api/notes/route.js:2:1)
    at <unknown> (https://nextjs.org/docs/messages/module-not-found)
    at <unknown> (./app/api/search/route.js:7:1)
    at <unknown> (https://nextjs.org/docs/messages/module-not-found)
    at <unknown> (./app/api/notifications/route.js:2:1)
    at <unknown> (https://nextjs.org/docs/messages/module-not-found)
    at <unknown> (./app/api/tags/route.js:2:1)
    at <unknown> (https://nextjs.org/docs/messages/module-not-found)
    at <unknown> (./app/(public)/notes/[...slug]/page.jsx:7:1)
    at <unknown> (https://nextjs.org/docs/messages/module-not-found)
    at <unknown> (./app/api/search/route.js:3:1)
    at <unknown> (https://nextjs.org/docs/messages/module-not-found)
    at <unknown> (./app/sitemap.js:2:1)
    at <unknown> (https://nextjs.org/docs/messages/module-not-found)
    at <unknown> (./app/api/example-inflight/route.ts:2:1)
    at <unknown> (https://nextjs.org/docs/messages/module-not-found)
    at <unknown> (./app/api/github/content/route.js:12:1)
    at <unknown> (https://nextjs.org/docs/messages/module-not-found)
    at <unknown> (./app/(public)/blogs/[slug]/page.jsx:4:1)
    at <unknown> (https://nextjs.org/docs/messages/module-not-found)
    at <unknown> (./app/(public)/docs/[...slug]/page.jsx:7:1)
    at <unknown> (https://nextjs.org/docs/messages/module-not-found)
    at <unknown> (./app/(public)/notes/[...slug]/page.jsx:9:1)
    at <unknown> (https://nextjs.org/docs/messages/module-not-found)
    at <unknown> (./proxy.js:2:1)
    at <unknown> (https://nextjs.org/docs/messages/module-not-found)
    at <unknown> (./proxy.js:3:1)
    at <unknown> (https://nextjs.org/docs/messages/module-not-found)
